Microchip MPLAB XC8 Compiler V1.45 ()

Linker command line:

-W-3 --edf=C:\Program Files (x86)\Microchip\xc8\v1.45\dat\en_msgs.txt -cs \
  -h+dist/default/production\Assignment2.X.production.sym \
  --cmf=dist/default/production\Assignment2.X.production.cmf -z -Q18F4620 \
  -oC:\Users\anaya\AppData\Local\Temp\s27c.2 \
  -Mdist/default/production/Assignment2.X.production.map -E1 -ver=XC8 \
  --acfsm=1493 -ASTACK=0187h-0f7fh -pstack=STACK -ACODE=00h-0FFFFh \
  -ACONST=00h-0FFFFh -ASMALLCONST=01000h-010FFhx240 \
  -AMEDIUMCONST=01000h-0FFFFh -ACOMRAM=01h-07Fh -AABS1=00h-0F7Fh \
  -ABIGRAM=01h-0F7Fh -ARAM=080h-0FFh,0100h-01FFhx14,0F00h-0F7Fh \
  -ABANK0=080h-0FFh -ABANK1=0100h-01FFh -ABANK2=0200h-02FFh \
  -ABANK3=0300h-03FFh -ABANK4=0400h-04FFh -ABANK5=0500h-05FFh \
  -ABANK6=0600h-06FFh -ABANK7=0700h-07FFh -ABANK8=0800h-08FFh \
  -ABANK9=0900h-09FFh -ABANK10=0A00h-0AFFh -ABANK11=0B00h-0BFFh \
  -ABANK12=0C00h-0CFFh -ABANK13=0D00h-0DFFh -ABANK14=0E00h-0EFFh \
  -ABANK15=0F00h-0F7Fh -ASFR=0F80h-0FFFh \
  -preset_vec=00h,intcode=08h,intcodelo,powerup,init -pramtop=01000h \
  -psmallconst=SMALLCONST -pmediumconst=MEDIUMCONST -pconst=CONST \
  -AFARRAM=00h-00h -ACONFIG=0300000h-030000Dh -pconfig=CONFIG \
  -AIDLOC=0200000h-0200007h -pidloc=IDLOC -AEEDATA=0F00000h-0F003FFh \
  -peeprom_data=EEDATA \
  -prdata=COMRAM,nvrram=COMRAM,nvbit=COMRAM,rbss=COMRAM,rbit=COMRAM \
  -pfarbss=FARRAM,fardata=FARRAM,nvFARRAM=FARRAM \
  -pintsave_regs=BIGRAM,bigbss=BIGRAM,bigdata=BIGRAM -pbss=RAM \
  -pidata=CODE,irdata=CODE,ibigdata=CODE,ifardata=CODE -prparam=COMRAM \
  C:\Users\anaya\AppData\Local\Temp\s27c.obj \
  dist/default/production\Assignment2.X.production.obj 

Object code version is 3.11

Machine type is 18F4620

Call graph: (short form)




                Name                               Link     Load   Length Selector   Space Scale
C:\Users\anaya\AppData\Local\Temp\s27c.obj
                init                                  E        E        4        4       0
                reset_vec                             0        0        4        0       0
                idloc                            200000   200000        8   200000       0
                config                           300000   300000        E   300000       0
dist/default/production\Assignment2.X.production.obj
                intcode                               8        8        6        4       0
                temp                                 7B       7B        1        1       1
                mediumconst                        FEF8     FEF8      108     7F7C       0
                text54                             452E     452E       20        4       0
                text53                             45B2     45B2       12        4       0
                text52                             45D4     45D4       10        4       0
                text51                             45A0     45A0       12        4       0
                text50                             4564     4564       16        4       0
                text49                             457A     457A       14        4       0
                text48                             454E     454E       16        4       0
                text47                             458E     458E       12        4       0
                text46                             393E     393E      120        4       0
                text45                             4466     4466       2E        4       0
                text44                             346E     346E      150        4       0
                text43                             208E     208E      33C        4       0
                text42                             2C40     2C40      2B4        4       0
                text41                             1A00     1A00      350        4       0
                text40                             3C52     3C52       DC        4       0
                text39                             4438     4438       2E        4       0
                text38                             3DEE     3DEE       B8        4       0
                intcode_body                       23CA     23CA      2FA        4       0
                text36                             4494     4494       2A        4       0
                text35                             43A4     43A4       34        4       0
                text34                             44E6     44E6       26        4       0
                text33                             423E     423E       54        4       0
                text32                             42DA     42DA       48        4       0
                text31                             4184     4184       62        4       0
                text30                             41E6     41E6       58        4       0
                text29                             1D50     1D50      33E        4       0
                text28                             298A     298A      2B6        4       0
                text27                             16AE     16AE      352        4       0
                text26                             3B74     3B74       DE        4       0
                text25                             4408     4408       30        4       0
                text24                             3D2E     3D2E       C0        4       0
                text23                             381C     381C      122        4       0
                text22                             43D8     43D8       30        4       0
                text21                             4292     4292       48        4       0
                text20                             3FB8     3FB8       84        4       0
                text19                             411C     411C       68        4       0
                text18                             44BE     44BE       28        4       0
                text17                             331A     331A      154        4       0
                text16                             36F2     36F2      12A        4       0
                text15                             35BE     35BE      134        4       0
                text14                             3F32     3F32       86        4       0
                text13                             403C     403C       72        4       0
                text12                             26C4     26C4      2C6        4       0
                text11                             450C     450C       22        4       0
                text10                             120A     120A      4A4        4       0
                text9                                12       12      C4C        4       0
                text8                              2EF4     2EF4      238        4       0
                text7                              312C     312C      1EE        4       0
                text6                              45C4     45C4       10        4       0
                text5                              3A5E     3A5E      116        4       0
                text4                              45E4     45E4        C        4       0
                text3                              40AE     40AE       6E        4       0
                text2                              4364     4364       40        4       0
                text1                              3EA6     3EA6       8C        4       0
                text0                               C5E      C5E      5AC        4       0
                cstackCOMRAM                          1        1       62        1       1
                cstackBANK0                          80       80       80       80       1
                cstackBANK1                         100      100       4D      100       1
                bssBANK1                            14D      14D       26      100       1
                dataCOMRAM                           75       75        6        1       1
                bssCOMRAM                            63       63       12        1       1
                cinit                              4322     4322       42        4       0
                nvBANK1                             173      173       14      100       1
                idataCOMRAM                        45F0     45F0        6        4       0

TOTAL           Name                               Link     Load   Length     Space
        CLASS   STACK          

        CLASS   CODE           
                intcode                               8        8        6         0
                init                                  E        E        4         0
                reset_vec                             0        0        4         0
                text54                             452E     452E       20         0
                text53                             45B2     45B2       12         0
                text52                             45D4     45D4       10         0
                text51                             45A0     45A0       12         0
                text50                             4564     4564       16         0
                text49                             457A     457A       14         0
                text48                             454E     454E       16         0
                text47                             458E     458E       12         0
                text46                             393E     393E      120         0
                text45                             4466     4466       2E         0
                text44                             346E     346E      150         0
                text43                             208E     208E      33C         0
                text42                             2C40     2C40      2B4         0
                text41                             1A00     1A00      350         0
                text40                             3C52     3C52       DC         0
                text39                             4438     4438       2E         0
                text38                             3DEE     3DEE       B8         0
                intcode_body                       23CA     23CA      2FA         0
                text36                             4494     4494       2A         0
                text35                             43A4     43A4       34         0
                text34                             44E6     44E6       26         0
                text33                             423E     423E       54         0
                text32                             42DA     42DA       48         0
                text31                             4184     4184       62         0
                text30                             41E6     41E6       58         0
                text29                             1D50     1D50      33E         0
                text28                             298A     298A      2B6         0
                text27                             16AE     16AE      352         0
                text26                             3B74     3B74       DE         0
                text25                             4408     4408       30         0
                text24                             3D2E     3D2E       C0         0
                text23                             381C     381C      122         0
                text22                             43D8     43D8       30         0
                text21                             4292     4292       48         0
                text20                             3FB8     3FB8       84         0
                text19                             411C     411C       68         0
                text18                             44BE     44BE       28         0
                text17                             331A     331A      154         0
                text16                             36F2     36F2      12A         0
                text15                             35BE     35BE      134         0
                text14                             3F32     3F32       86         0
                text13                             403C     403C       72         0
                text12                             26C4     26C4      2C6         0
                text11                             450C     450C       22         0
                text10                             120A     120A      4A4         0
                text9                                12       12      C4C         0
                text8                              2EF4     2EF4      238         0
                text7                              312C     312C      1EE         0
                text6                              45C4     45C4       10         0
                text5                              3A5E     3A5E      116         0
                text4                              45E4     45E4        C         0
                text3                              40AE     40AE       6E         0
                text2                              4364     4364       40         0
                text1                              3EA6     3EA6       8C         0
                text0                               C5E      C5E      5AC         0
                cinit                              4322     4322       42         0
                idataCOMRAM                        45F0     45F0        6         0

        CLASS   CONST          

        CLASS   SMALLCONST     

        CLASS   MEDIUMCONST    
                mediumconst                        FEF8     FEF8      108         0

        CLASS   COMRAM         
                temp                                 7B       7B        1         1
                cstackCOMRAM                          1        1       62         1
                dataCOMRAM                           75       75        6         1
                bssCOMRAM                            63       63       12         1

        CLASS   ABS1           

        CLASS   BIGRAM         

        CLASS   RAM            

        CLASS   BANK0          
                cstackBANK0                          80       80       80         1

        CLASS   BANK1          
                cstackBANK1                         100      100       4D         1
                bssBANK1                            14D      14D       26         1
                nvBANK1                             173      173       14         1

        CLASS   BANK2          

        CLASS   BANK3          

        CLASS   BANK4          

        CLASS   BANK5          

        CLASS   BANK6          

        CLASS   BANK7          

        CLASS   BANK8          

        CLASS   BANK9          

        CLASS   BANK10         

        CLASS   BANK11         

        CLASS   BANK12         

        CLASS   BANK13         

        CLASS   BANK14         

        CLASS   BANK15         

        CLASS   SFR            

        CLASS   FARRAM         

        CLASS   CONFIG         
                config                           300000   300000        E         0

        CLASS   IDLOC          
                idloc                            200000   200000        8         0

        CLASS   EEDATA         



SEGMENTS        Name                           Load    Length   Top    Selector   Space  Class

                reset_vec                      000000  000004  000004         0       0  CODE    
                cstackCOMRAM                   000001  00007B  00007C         1       1  COMRAM  
                intcode                        000008  0045EE  0045F6         4       0  CODE    
                cstackBANK0                    000080  000080  000100        80       1  BANK0   
                cstackBANK1                    000100  000087  000187       100       1  BANK1   
                mediumconst                    00FEF8  000108  010000      7F7C       0  MEDIUMCO
                idloc                          200000  000008  200008    200000       0  IDLOC   
                config                         300000  00000E  30000E    300000       0  CONFIG  


UNUSED ADDRESS RANGES

        Name                Unused          Largest block    Delta
        BANK1            000187-0001FF               79
        BANK10           000A00-000AFF              100
        BANK11           000B00-000BFF              100
        BANK12           000C00-000CFF              100
        BANK13           000D00-000DFF              100
        BANK14           000E00-000EFF              100
        BANK15           000F00-000F7F               80
        BANK2            000200-0002FF              100
        BANK3            000300-0003FF              100
        BANK4            000400-0004FF              100
        BANK5            000500-0005FF              100
        BANK6            000600-0006FF              100
        BANK7            000700-0007FF              100
        BANK8            000800-0008FF              100
        BANK9            000900-0009FF              100
        BIGRAM           00007C-00007F                4
                         000187-000F7F              DF9
        CODE             000004-000007                4
                         0045F6-00FEF7             B902
        COMRAM           00007C-00007F                4
        CONST            000004-000007                4
                         0045F6-00FEF7             B902
        EEDATA           F00000-F003FF              400
        MEDIUMCONST      0045F6-00FEF7             B902
        RAM              000187-000F7F              100
        SFR              000F80-000FFF               80
        SMALLCONST       0045F6-00FEF7              100
        STACK            000187-000F7F              DF9

                                  Symbol Table

?___awdiv                             cstackBANK0  000086
?___awmod                             cstackBANK0  000080
?___fladd                             cstackBANK0  0000DE
?___fldiv                             cstackBANK0  000094
?___flmul                             cstackBANK0  0000B8
?___flneg                             cstackBANK0  000094
?___flsub                             cstackBANK0  0000F2
?___fltol                             cstackBANK0  0000F2
?___lldiv                             cstackBANK0  000080
?___llmod                             cstackBANK0  00008D
?___wmul                              cstackBANK0  000080
?___xxtofl                            cstackBANK0  000086
?__div_to_l_                          cstackBANK0  000080
?__tdiv_to_l_                         cstackBANK0  000080
?_fround                              cstackBANK0  0000D1
?_read_adc_raw_no_lib                 cstackBANK0  000080
?_read_adc_voltage                    cstackBANK0  0000AD
?_scale                               cstackBANK0  0000D1
?_sprintf                             cstackBANK1  000100
?i2___fladd                           cstackCOMRAM 000013
?i2___fldiv                           cstackCOMRAM 000028
?i2___flmul                           cstackCOMRAM 00000F
?i2___flneg                           cstackCOMRAM 00000F
?i2___fltol                           cstackCOMRAM 000027
?i2___xxtofl                          cstackCOMRAM 000001
_ADCON0                               (abs)        000FC2
_ADCON0bits                           (abs)        000FC2
_ADCON1                               (abs)        000FC1
_ADCON2                               (abs)        000FC0
_ADRESH                               (abs)        000FC4
_ADRESL                               (abs)        000FC3
_BAUDCONbits                          (abs)        000FB8
_Buffer                               bssBANK1     000153
_CCP1CON                              (abs)        000FBD
_CCP1CONbits                          (abs)        000FBD
_CCPR1L                               (abs)        000FBE
_HS                                   bssBANK1     000151
_INTCON2                              (abs)        000FF1
_INTCON2bits                          (abs)        000FF1
_INTCON3                              (abs)        000FF0
_INTCON3bits                          (abs)        000FF0
_INTCONbits                           (abs)        000FF2
_IPR2bits                             (abs)        000FA2
_LCD_INIT_STRING                      dataCOMRAM   000075
_OT                                   nvBANK1      00017F
_PIE1                                 (abs)        000F9D
_PIE2bits                             (abs)        000FA0
_PIR2bits                             (abs)        000FA1
_PORTCbits                            (abs)        000F82
_PORTD                                (abs)        000F83
_PORTEbits                            (abs)        000F84
_PR2                                  (abs)        000FCB
_RCONbits                             (abs)        000FD0
_RCREG                                (abs)        000FAE
_RCSTA                                (abs)        000FAB
_RCSTAbits                            (abs)        000FAB
_RPS_count                            bssBANK1     00014D
_RT                                   nvBANK1      00017B
_SP                                   nvBANK1      000183
_SPBRG                                (abs)        000FAF
_T1CONbits                            (abs)        000FCD
_T2CON                                (abs)        000FCA
_T2CONbits                            (abs)        000FCA
_T3CONbits                            (abs)        000FB1
_TMR1H                                (abs)        000FCF
_TMR1L                                (abs)        000FCE
_TMR3H                                (abs)        000FB3
_TMR3L                                (abs)        000FB2
_TRISA                                (abs)        000F92
_TRISB                                (abs)        000F93
_TRISC                                (abs)        000F94
_TRISCbits                            (abs)        000F94
_TRISD                                (abs)        000F95
_TRISE                                (abs)        000F96
_TXSTA                                (abs)        000FAC
_TXSTAbits                            (abs)        000FAC
__CFG_BOREN$SBORDIS                   (abs)        000000
__CFG_BORV$3                          (abs)        000000
__CFG_CCP2MX$PORTC                    (abs)        000000
__CFG_CP0$OFF                         (abs)        000000
__CFG_CP1$OFF                         (abs)        000000
__CFG_CP2$OFF                         (abs)        000000
__CFG_CP3$OFF                         (abs)        000000
__CFG_CPB$OFF                         (abs)        000000
__CFG_CPD$OFF                         (abs)        000000
__CFG_EBTR0$OFF                       (abs)        000000
__CFG_EBTR1$OFF                       (abs)        000000
__CFG_EBTR2$OFF                       (abs)        000000
__CFG_EBTR3$OFF                       (abs)        000000
__CFG_EBTRB$OFF                       (abs)        000000
__CFG_FCMEN$OFF                       (abs)        000000
__CFG_IESO$OFF                        (abs)        000000
__CFG_LPT1OSC$OFF                     (abs)        000000
__CFG_LVP$ON                          (abs)        000000
__CFG_MCLRE$ON                        (abs)        000000
__CFG_OSC$XT                          (abs)        000000
__CFG_PBADEN$ON                       (abs)        000000
__CFG_PWRT$OFF                        (abs)        000000
__CFG_STVREN$ON                       (abs)        000000
__CFG_WDT$ON                          (abs)        000000
__CFG_WDTPS$32768                     (abs)        000000
__CFG_WRT0$OFF                        (abs)        000000
__CFG_WRT1$OFF                        (abs)        000000
__CFG_WRT2$OFF                        (abs)        000000
__CFG_WRT3$OFF                        (abs)        000000
__CFG_WRTB$OFF                        (abs)        000000
__CFG_WRTC$OFF                        (abs)        000000
__CFG_WRTD$OFF                        (abs)        000000
__CFG_XINST$OFF                       (abs)        000000
__HRAM                                (abs)        000000
__Habs1                               abs1         000000
__Hbank0                              bank0        000000
__Hbank1                              bank1        000000
__Hbank10                             bank10       000000
__Hbank11                             bank11       000000
__Hbank12                             bank12       000000
__Hbank13                             bank13       000000
__Hbank14                             bank14       000000
__Hbank15                             bank15       000000
__Hbank2                              bank2        000000
__Hbank3                              bank3        000000
__Hbank4                              bank4        000000
__Hbank5                              bank5        000000
__Hbank6                              bank6        000000
__Hbank7                              bank7        000000
__Hbank8                              bank8        000000
__Hbank9                              bank9        000000
__Hbigbss                             bigbss       000000
__Hbigdata                            bigdata      000000
__Hbigram                             bigram       000000
__Hbss                                bss          000000
__HbssBANK1                           bssBANK1     000000
__HbssCOMRAM                          bssCOMRAM    000000
__Hcinit                              cinit        000000
__Hclrtext                            clrtext      000000
__Hcomram                             comram       000000
__Hconfig                             config       30000E
__Hconst                              const        000000
__HcstackBANK0                        cstackBANK0  000000
__HcstackBANK1                        cstackBANK1  000000
__HcstackCOMRAM                       cstackCOMRAM 000000
__Hdata                               data         000000
__HdataCOMRAM                         dataCOMRAM   000000
__Heeprom_data                        eeprom_data  000000
__Hfarbss                             farbss       000000
__Hfardata                            fardata      000000
__Hibigdata                           ibigdata     000000
__Hidata                              idata        000000
__HidataCOMRAM                        idataCOMRAM  000000
__Hidloc                              idloc        200008
__Hifardata                           ifardata     000000
__Hinit                               init         000012
__Hintcode                            intcode      00000E
__Hintcode_body                       intcode_body 000000
__Hintcodelo                          intcodelo    00000E
__Hintentry                           intentry     000000
__Hintret                             intret       000000
__Hintsave_regs                       intsave_regs 000000
__Hirdata                             irdata       000000
__Hmediumconst                        mediumconst  010000
__HnvBANK1                            nvBANK1      000000
__HnvFARRAM                           nvFARRAM     000000
__Hnvbit                              nvbit        000000
__Hnvrram                             nvrram       000000
__Hparam                              rparam       000000
__Hpowerup                            powerup      00000E
__Hram                                ram          000000
__Hramtop                             ramtop       001000
__Hrbit                               rbit         000000
__Hrbss                               rbss         000000
__Hrdata                              rdata        000000
__Hreset_vec                          reset_vec    000004
__Hrparam                             rparam       000000
__Hsfr                                sfr          000000
__Hsmallconst                         smallconst   000000
__Hspace_0                            (abs)        30000E
__Hspace_1                            (abs)        000187
__Hspace_2                            (abs)        000000
__Hstack                              stack        000000
__Hstruct                             struct       000000
__Htemp                               temp         00007C
__Htext                               text         000000
__Htext0                              text0        000000
__Htext1                              text1        000000
__Htext10                             text10       000000
__Htext11                             text11       000000
__Htext12                             text12       000000
__Htext13                             text13       000000
__Htext14                             text14       000000
__Htext15                             text15       000000
__Htext16                             text16       000000
__Htext17                             text17       000000
__Htext18                             text18       000000
__Htext19                             text19       000000
__Htext2                              text2        000000
__Htext20                             text20       000000
__Htext21                             text21       000000
__Htext22                             text22       000000
__Htext23                             text23       000000
__Htext24                             text24       000000
__Htext25                             text25       000000
__Htext26                             text26       000000
__Htext27                             text27       000000
__Htext28                             text28       000000
__Htext29                             text29       000000
__Htext3                              text3        000000
__Htext30                             text30       000000
__Htext31                             text31       000000
__Htext32                             text32       000000
__Htext33                             text33       000000
__Htext34                             text34       000000
__Htext35                             text35       000000
__Htext36                             text36       000000
__Htext38                             text38       000000
__Htext39                             text39       000000
__Htext4                              text4        000000
__Htext40                             text40       000000
__Htext41                             text41       000000
__Htext42                             text42       000000
__Htext43                             text43       000000
__Htext44                             text44       000000
__Htext45                             text45       000000
__Htext46                             text46       000000
__Htext47                             text47       000000
__Htext48                             text48       000000
__Htext49                             text49       000000
__Htext5                              text5        000000
__Htext50                             text50       000000
__Htext51                             text51       000000
__Htext52                             text52       000000
__Htext53                             text53       000000
__Htext54                             text54       000000
__Htext6                              text6        000000
__Htext7                              text7        000000
__Htext8                              text8        000000
__Htext9                              text9        000000
__LRAM                                (abs)        000001
__Labs1                               abs1         000000
__Lbank0                              bank0        000000
__Lbank1                              bank1        000000
__Lbank10                             bank10       000000
__Lbank11                             bank11       000000
__Lbank12                             bank12       000000
__Lbank13                             bank13       000000
__Lbank14                             bank14       000000
__Lbank15                             bank15       000000
__Lbank2                              bank2        000000
__Lbank3                              bank3        000000
__Lbank4                              bank4        000000
__Lbank5                              bank5        000000
__Lbank6                              bank6        000000
__Lbank7                              bank7        000000
__Lbank8                              bank8        000000
__Lbank9                              bank9        000000
__Lbigbss                             bigbss       000000
__Lbigdata                            bigdata      000000
__Lbigram                             bigram       000000
__Lbss                                bss          000000
__LbssBANK1                           bssBANK1     000000
__LbssCOMRAM                          bssCOMRAM    000000
__Lcinit                              cinit        000000
__Lclrtext                            clrtext      000000
__Lcomram                             comram       000000
__Lconfig                             config       300000
__Lconst                              const        000000
__LcstackBANK0                        cstackBANK0  000000
__LcstackBANK1                        cstackBANK1  000000
__LcstackCOMRAM                       cstackCOMRAM 000000
__Ldata                               data         000000
__LdataCOMRAM                         dataCOMRAM   000000
__Leeprom_data                        eeprom_data  000000
__Lfarbss                             farbss       000000
__Lfardata                            fardata      000000
__Libigdata                           ibigdata     000000
__Lidata                              idata        000000
__LidataCOMRAM                        idataCOMRAM  000000
__Lidloc                              idloc        200000
__Lifardata                           ifardata     000000
__Linit                               init         00000E
__Lintcode                            intcode      000008
__Lintcode_body                       intcode_body 000000
__Lintcodelo                          intcodelo    00000E
__Lintentry                           intentry     000000
__Lintret                             intret       000000
__Lintsave_regs                       intsave_regs 000000
__Lirdata                             irdata       000000
__Lmediumconst                        mediumconst  00FEF8
__LnvBANK1                            nvBANK1      000000
__LnvFARRAM                           nvFARRAM     000000
__Lnvbit                              nvbit        000000
__Lnvrram                             nvrram       000000
__Lparam                              rparam       000000
__Lpowerup                            powerup      00000E
__Lram                                ram          000000
__Lramtop                             ramtop       001000
__Lrbit                               rbit         000000
__Lrbss                               rbss         000000
__Lrdata                              rdata        000000
__Lreset_vec                          reset_vec    000000
__Lrparam                             rparam       000000
__Lsfr                                sfr          000000
__Lsmallconst                         smallconst   000000
__Lspace_0                            (abs)        000000
__Lspace_1                            (abs)        000000
__Lspace_2                            (abs)        000000
__Lstack                              stack        000000
__Lstruct                             struct       000000
__Ltemp                               temp         00007B
__Ltext                               text         000000
__Ltext0                              text0        000000
__Ltext1                              text1        000000
__Ltext10                             text10       000000
__Ltext11                             text11       000000
__Ltext12                             text12       000000
__Ltext13                             text13       000000
__Ltext14                             text14       000000
__Ltext15                             text15       000000
__Ltext16                             text16       000000
__Ltext17                             text17       000000
__Ltext18                             text18       000000
__Ltext19                             text19       000000
__Ltext2                              text2        000000
__Ltext20                             text20       000000
__Ltext21                             text21       000000
__Ltext22                             text22       000000
__Ltext23                             text23       000000
__Ltext24                             text24       000000
__Ltext25                             text25       000000
__Ltext26                             text26       000000
__Ltext27                             text27       000000
__Ltext28                             text28       000000
__Ltext29                             text29       000000
__Ltext3                              text3        000000
__Ltext30                             text30       000000
__Ltext31                             text31       000000
__Ltext32                             text32       000000
__Ltext33                             text33       000000
__Ltext34                             text34       000000
__Ltext35                             text35       000000
__Ltext36                             text36       000000
__Ltext38                             text38       000000
__Ltext39                             text39       000000
__Ltext4                              text4        000000
__Ltext40                             text40       000000
__Ltext41                             text41       000000
__Ltext42                             text42       000000
__Ltext43                             text43       000000
__Ltext44                             text44       000000
__Ltext45                             text45       000000
__Ltext46                             text46       000000
__Ltext47                             text47       000000
__Ltext48                             text48       000000
__Ltext49                             text49       000000
__Ltext5                              text5        000000
__Ltext50                             text50       000000
__Ltext51                             text51       000000
__Ltext52                             text52       000000
__Ltext53                             text53       000000
__Ltext54                             text54       000000
__Ltext6                              text6        000000
__Ltext7                              text7        000000
__Ltext8                              text8        000000
__Ltext9                              text9        000000
__S0                                  (abs)        30000E
__S1                                  (abs)        000187
__S2                                  (abs)        000000
___awdiv                              text14       003F32
___awdiv@counter                      cstackBANK0  00008A
___awdiv@dividend                     cstackBANK0  000086
___awdiv@divisor                      cstackBANK0  000088
___awdiv@quotient                     cstackBANK0  00008C
___awdiv@sign                         cstackBANK0  00008B
___awmod                              text13       00403C
___awmod@counter                      cstackBANK0  000084
___awmod@dividend                     cstackBANK0  000080
___awmod@divisor                      cstackBANK0  000082
___awmod@sign                         cstackBANK0  000085
___fladd                              text29       001D50
___fladd@a                            cstackBANK0  0000E2
___fladd@aexp                         cstackBANK0  0000EF
___fladd@b                            cstackBANK0  0000DE
___fladd@bexp                         cstackBANK0  0000F0
___fladd@grs                          cstackBANK0  0000F1
___fladd@signs                        cstackBANK0  0000EE
___fldiv                              text28       00298A
___fldiv@a                            cstackBANK0  000098
___fldiv@aexp                         cstackBANK0  0000AC
___fldiv@b                            cstackBANK0  000094
___fldiv@bexp                         cstackBANK0  0000AB
___fldiv@grs                          cstackBANK0  0000A7
___fldiv@new_exp                      cstackBANK0  0000A5
___fldiv@rem                          cstackBANK0  0000A1
___fldiv@sign                         cstackBANK0  0000A0
___flge                               text23       00381C
___flge@ff1                           cstackBANK0  0000F2
___flge@ff2                           cstackBANK0  0000F6
___flmul                              text27       0016AE
___flmul@a                            cstackBANK0  0000BC
___flmul@aexp                         cstackBANK0  0000C9
___flmul@b                            cstackBANK0  0000B8
___flmul@bexp                         cstackBANK0  0000CA
___flmul@grs                          cstackBANK0  0000C5
___flmul@prod                         cstackBANK0  0000CB
___flmul@sign                         cstackBANK0  0000C4
___flmul@temp                         cstackBANK0  0000CF
___flneg                              text22       0043D8
___flneg@f1                           cstackBANK0  000094
___flsub                              text21       004292
___flsub@a                            cstackBANK0  0000F6
___flsub@b                            cstackBANK0  0000F2
___fltol                              text26       003B74
___fltol@exp1                         cstackBANK0  0000FB
___fltol@f1                           cstackBANK0  0000F2
___fltol@sign1                        cstackBANK0  0000FA
___inthi_sp                           stack        000000
___intlo_sp                           stack        000000
___lldiv                              text20       003FB8
___lldiv@counter                      cstackBANK0  00008C
___lldiv@dividend                     cstackBANK0  000080
___lldiv@divisor                      cstackBANK0  000084
___lldiv@quotient                     cstackBANK0  000088
___llmod                              text19       00411C
___llmod@counter                      cstackBANK0  000095
___llmod@dividend                     cstackBANK0  00008D
___llmod@divisor                      cstackBANK0  000091
___param_bank                         (abs)        000000
___rparam_used                        (abs)        000001
___sp                                 stack        000000
___wmul                               text18       0044BE
___wmul@multiplicand                  cstackBANK0  000082
___wmul@multiplier                    cstackBANK0  000080
___wmul@product                       cstackBANK0  000084
___xxtofl                             text17       00331A
___xxtofl@arg                         cstackBANK0  000090
___xxtofl@exp                         cstackBANK0  00008F
___xxtofl@sign                        cstackBANK0  00008E
___xxtofl@val                         cstackBANK0  000086
__accesstop                           (abs)        000080
__activetblptr                        (abs)        000003
__div_to_l_                           text16       0036F2
__div_to_l_@cntr                      cstackBANK0  00008C
__div_to_l_@exp1                      cstackBANK0  00008D
__div_to_l_@f1                        cstackBANK0  000080
__div_to_l_@f2                        cstackBANK0  000084
__div_to_l_@quot                      cstackBANK0  000088
__end_of___awdiv                      text14       003FB8
__end_of___awmod                      text13       0040AE
__end_of___fladd                      text29       00208E
__end_of___fldiv                      text28       002C40
__end_of___flge                       text23       00393E
__end_of___flmul                      text27       001A00
__end_of___flneg                      text22       004408
__end_of___flsub                      text21       0042DA
__end_of___fltol                      text26       003C52
__end_of___lldiv                      text20       00403C
__end_of___llmod                      text19       004184
__end_of___wmul                       text18       0044E6
__end_of___xxtofl                     text17       00346E
__end_of__div_to_l_                   text16       00381C
__end_of__initialization              cinit        00435A
__end_of__npowers_                    mediumconst  00FF61
__end_of__powers_                     mediumconst  00FF2D
__end_of__tdiv_to_l_                  text15       0036F2
__end_of_autoCool                     text8        00312C
__end_of_autoHeat                     text7        00331A
__end_of_changeOperationMode          text54       00454E
__end_of_decrementHS                  text53       0045C4
__end_of_decrementPercentCoolCounter  text52       0045E4
__end_of_decrementPercentHeatCounter  text51       0045B2
__end_of_delay_cycles                 text35       0043D8
__end_of_delay_ms                     text36       0044BE
__end_of_dpowers                      mediumconst  00FF89
__end_of_fround                       text12       00298A
__end_of_highIsr                      intcode_body 0026C4
__end_of_incrementHS                  text50       00457A
__end_of_incrementPercentCoolCounter  text49       00458E
__end_of_incrementPercentHeatCounter  text48       004564
__end_of_init                         text5        003B74
__end_of_init_adc_no_lib              text4        0045F0
__end_of_init_pwm1                    text6        0045D4
__end_of_isdigit                      text11       00452E
__end_of_lcd_gotoxy                   text32       004322
__end_of_lcd_init                     text3        00411C
__end_of_lcd_putc                     text31       0041E6
__end_of_lcd_puts                     text30       00423E
__end_of_lcd_send_byte                text33       004292
__end_of_lcd_send_nibble              text34       00450C
__end_of_main                         text0        00120A
__end_of_read_adc_raw_no_lib          text2        0043A4
__end_of_read_adc_voltage             text1        003F32
__end_of_restartTimer3                text47       0045A0
__end_of_scale                        text10       0016AE
__end_of_set_pwm1_percent             text24       003DEE
__end_of_set_pwm1_raw                 text25       004438
__end_of_sprintf                      text9        000C5E
__end_ofi2___fladd                    text43       0023CA
__end_ofi2___fldiv                    text42       002EF4
__end_ofi2___flge                     text46       003A5E
__end_ofi2___flmul                    text41       001D50
__end_ofi2___flneg                    text45       004494
__end_ofi2___fltol                    text40       003D2E
__end_ofi2___xxtofl                   text44       0035BE
__end_ofi2_set_pwm1_percent           text38       003EA6
__end_ofi2_set_pwm1_raw               text39       004466
__initialization                      cinit        004322
__mediumconst                         mediumconst  00FEF8
__npowers_                            mediumconst  00FF2D
__pbssBANK1                           bssBANK1     00014D
__pbssCOMRAM                          bssCOMRAM    000063
__pcinit                              cinit        004322
__pcstackBANK0                        cstackBANK0  000080
__pcstackBANK1                        cstackBANK1  000100
__pcstackCOMRAM                       cstackCOMRAM 000001
__pdataCOMRAM                         dataCOMRAM   000075
__pidataCOMRAM                        idataCOMRAM  0045F0
__pintcode                            intcode      000008
__pintcode_body                       intcode_body 0023CA
__pmediumconst                        mediumconst  00FEF8
__pnvBANK1                            nvBANK1      000173
__powers_                             mediumconst  00FEF9
__ptext0                              text0        000C5E
__ptext1                              text1        003EA6
__ptext10                             text10       00120A
__ptext11                             text11       00450C
__ptext12                             text12       0026C4
__ptext13                             text13       00403C
__ptext14                             text14       003F32
__ptext15                             text15       0035BE
__ptext16                             text16       0036F2
__ptext17                             text17       00331A
__ptext18                             text18       0044BE
__ptext19                             text19       00411C
__ptext2                              text2        004364
__ptext20                             text20       003FB8
__ptext21                             text21       004292
__ptext22                             text22       0043D8
__ptext23                             text23       00381C
__ptext24                             text24       003D2E
__ptext25                             text25       004408
__ptext26                             text26       003B74
__ptext27                             text27       0016AE
__ptext28                             text28       00298A
__ptext29                             text29       001D50
__ptext3                              text3        0040AE
__ptext30                             text30       0041E6
__ptext31                             text31       004184
__ptext32                             text32       0042DA
__ptext33                             text33       00423E
__ptext34                             text34       0044E6
__ptext35                             text35       0043A4
__ptext36                             text36       004494
__ptext38                             text38       003DEE
__ptext39                             text39       004438
__ptext4                              text4        0045E4
__ptext40                             text40       003C52
__ptext41                             text41       001A00
__ptext42                             text42       002C40
__ptext43                             text43       00208E
__ptext44                             text44       00346E
__ptext45                             text45       004466
__ptext46                             text46       00393E
__ptext47                             text47       00458E
__ptext48                             text48       00454E
__ptext49                             text49       00457A
__ptext5                              text5        003A5E
__ptext50                             text50       004564
__ptext51                             text51       0045A0
__ptext52                             text52       0045D4
__ptext53                             text53       0045B2
__ptext54                             text54       00452E
__ptext6                              text6        0045C4
__ptext7                              text7        00312C
__ptext8                              text8        002EF4
__ptext9                              text9        000012
__ramtop                              ramtop       001000
__size_of___awdiv                     (abs)        000000
__size_of___awmod                     (abs)        000000
__size_of___fladd                     (abs)        000000
__size_of___fldiv                     (abs)        000000
__size_of___flge                      (abs)        000000
__size_of___flmul                     (abs)        000000
__size_of___flneg                     (abs)        000000
__size_of___flsub                     (abs)        000000
__size_of___fltol                     (abs)        000000
__size_of___lldiv                     (abs)        000000
__size_of___llmod                     (abs)        000000
__size_of___wmul                      (abs)        000000
__size_of___xxtofl                    (abs)        000000
__size_of__div_to_l_                  (abs)        000000
__size_of__tdiv_to_l_                 (abs)        000000
__size_of_autoCool                    (abs)        000000
__size_of_autoHeat                    (abs)        000000
__size_of_changeOperationMode         (abs)        000000
__size_of_decrementHS                 (abs)        000000
__size_of_decrementPercentCoolCounter (abs)        000000
__size_of_decrementPercentHeatCounter (abs)        000000
__size_of_delay_cycles                (abs)        000000
__size_of_delay_ms                    (abs)        000000
__size_of_fround                      (abs)        000000
__size_of_highIsr                     (abs)        000000
__size_of_incrementHS                 (abs)        000000
__size_of_incrementPercentCoolCounter (abs)        000000
__size_of_incrementPercentHeatCounter (abs)        000000
__size_of_init                        (abs)        000000
__size_of_init_adc_no_lib             (abs)        000000
__size_of_init_pwm1                   (abs)        000000
__size_of_isdigit                     (abs)        000000
__size_of_lcd_gotoxy                  (abs)        000000
__size_of_lcd_init                    (abs)        000000
__size_of_lcd_putc                    (abs)        000000
__size_of_lcd_puts                    (abs)        000000
__size_of_lcd_send_byte               (abs)        000000
__size_of_lcd_send_nibble             (abs)        000000
__size_of_main                        (abs)        000000
__size_of_read_adc_raw_no_lib         (abs)        000000
__size_of_read_adc_voltage            (abs)        000000
__size_of_restartTimer3               (abs)        000000
__size_of_scale                       (abs)        000000
__size_of_set_pwm1_percent            (abs)        000000
__size_of_set_pwm1_raw                (abs)        000000
__size_of_sprintf                     (abs)        000000
__size_ofi2___fladd                   (abs)        000000
__size_ofi2___fldiv                   (abs)        000000
__size_ofi2___flge                    (abs)        000000
__size_ofi2___flmul                   (abs)        000000
__size_ofi2___flneg                   (abs)        000000
__size_ofi2___fltol                   (abs)        000000
__size_ofi2___xxtofl                  (abs)        000000
__size_ofi2_set_pwm1_percent          (abs)        000000
__size_ofi2_set_pwm1_raw              (abs)        000000
__smallconst                          smallconst   000000
__tdiv_to_l_                          text15       0035BE
__tdiv_to_l_@cntr                     cstackBANK0  00008F
__tdiv_to_l_@exp1                     cstackBANK0  000090
__tdiv_to_l_@f1                       cstackBANK0  000080
__tdiv_to_l_@f2                       cstackBANK0  000084
__tdiv_to_l_@quot                     cstackBANK0  00008B
_autoCool                             text8        002EF4
_autoCool$1036                        cstackBANK1  000133
_autoCool$1898                        cstackBANK1  00012F
_autoHeat                             text7        00312C
_autoHeat$1899                        cstackBANK1  00012F
_autoMode                             bssCOMRAM    000071
_changeOperationMode                  text54       00452E
_clkMode                              bssCOMRAM    000065
_coolError                            nvBANK1      000177
_decrementHS                          text53       0045B2
_decrementPercentCoolCounter          text52       0045D4
_decrementPercentHeatCounter          text51       0045A0
_delay_cycles                         text35       0043A4
_delay_ms                             text36       004494
_dpowers                              mediumconst  00FF61
_fround                               text12       0026C4
_fround$1901                          cstackBANK0  0000D9
_fround$1902                          cstackBANK0  0000D5
_heatError                            nvBANK1      000173
_highIsr                              intcode      000008
_highIsr$1984                         cstackCOMRAM 00005F
_hours                                bssCOMRAM    000067
_incrementHS                          text50       004564
_incrementPercentCoolCounter          text49       00457A
_incrementPercentHeatCounter          text48       00454E
_init                                 text5        003A5E
_init_adc_no_lib                      text4        0045E4
_init_pwm1                            text6        0045C4
_initial                              dataCOMRAM   000079
_isdigit                              text11       00450C
_isdigit$1518                         cstackBANK0  000081
_lcd                                  (abs)        000F83
_lcd_gotoxy                           text32       0042DA
_lcd_init                             text3        0040AE
_lcd_putc                             text31       004184
_lcd_puts                             text30       0041E6
_lcd_send_byte                        text33       00423E
_lcd_send_nibble                      text34       0044E6
_main                                 text0        000C5E
_main$1202                            cstackBANK1  00013B
_main$1206                            cstackBANK1  00013D
_main$1211                            cstackBANK1  00013F
_main$1212                            cstackBANK1  000141
_main$1220                            cstackBANK1  000143
_main$1221                            cstackBANK1  000145
_main$1224                            cstackBANK1  000147
_main$1231                            cstackBANK1  000149
_main$1232                            cstackBANK1  00014B
_minutes                              bssCOMRAM    000069
_operationMode                        bssCOMRAM    000073
_percentCoolCounter                   bssCOMRAM    00006F
_percentHeatCounter                   bssBANK1     00014F
_read_adc_raw_no_lib                  text2        004364
_read_adc_voltage                     text1        003EA6
_restartTimer3                        text47       00458E
_scale                                text10       00120A
_scale$1903                           cstackBANK0  0000D5
_seconds                              bssCOMRAM    00006B
_set_pwm1_percent                     text24       003D2E
_set_pwm1_raw                         text25       004408
_sprintf                              text9        000012
_sprintf$1904                         cstackBANK1  000110
_stpMode                              bssCOMRAM    000063
_timerCounter                         bssCOMRAM    00006D
autoCool@value                        cstackBANK1  000137
btemp                                 temp         00007B
delay_cycles@n                        cstackBANK0  000083
delay_cycles@x                        cstackBANK0  000084
delay_ms@i                            cstackBANK0  000082
delay_ms@n                            cstackBANK0  000080
end_of_initialization                 cinit        00435A
fround@prec                           cstackBANK0  0000DD
i2___fladd                            text43       00208E
i2___fladd@a                          cstackCOMRAM 000017
i2___fladd@aexp                       cstackCOMRAM 000024
i2___fladd@b                          cstackCOMRAM 000013
i2___fladd@bexp                       cstackCOMRAM 000025
i2___fladd@grs                        cstackCOMRAM 000026
i2___fladd@signs                      cstackCOMRAM 000023
i2___fldiv                            text42       002C40
i2___fldiv@a                          cstackCOMRAM 00002C
i2___fldiv@aexp                       cstackCOMRAM 000040
i2___fldiv@b                          cstackCOMRAM 000028
i2___fldiv@bexp                       cstackCOMRAM 00003F
i2___fldiv@grs                        cstackCOMRAM 00003B
i2___fldiv@new_exp                    cstackCOMRAM 000039
i2___fldiv@rem                        cstackCOMRAM 000035
i2___fldiv@sign                       cstackCOMRAM 000034
i2___flge                             text46       00393E
i2___flge@ff1                         cstackCOMRAM 000027
i2___flge@ff2                         cstackCOMRAM 00002B
i2___flmul                            text41       001A00
i2___flmul@a                          cstackCOMRAM 000013
i2___flmul@aexp                       cstackCOMRAM 000020
i2___flmul@b                          cstackCOMRAM 00000F
i2___flmul@bexp                       cstackCOMRAM 000021
i2___flmul@grs                        cstackCOMRAM 00001C
i2___flmul@prod                       cstackCOMRAM 000022
i2___flmul@sign                       cstackCOMRAM 00001B
i2___flmul@temp                       cstackCOMRAM 000026
i2___flneg                            text45       004466
i2___flneg@f1                         cstackCOMRAM 00000F
i2___fltol                            text40       003C52
i2___fltol@exp1                       cstackCOMRAM 000030
i2___fltol@f1                         cstackCOMRAM 000027
i2___fltol@sign1                      cstackCOMRAM 00002F
i2___xxtofl                           text44       00346E
i2___xxtofl@arg                       cstackCOMRAM 00000B
i2___xxtofl@exp                       cstackCOMRAM 00000A
i2___xxtofl@sign                      cstackCOMRAM 000009
i2___xxtofl@val                       cstackCOMRAM 000001
i2_set_pwm1_percent                   text38       003DEE
i2_set_pwm1_raw                       text39       004438
i2set_pwm1_percent@raw_val            cstackCOMRAM 000049
i2set_pwm1_percent@tmp                cstackCOMRAM 000045
i2set_pwm1_percent@value              cstackCOMRAM 000041
i2set_pwm1_raw@raw_value              cstackCOMRAM 000001
init@dummy                            cstackBANK0  000080
int$flags                             temp         00007B
int_func                              intcode_body 0023CA
intlevel0                             text         000000
intlevel1                             text         000000
intlevel2                             text         000000
intlevel3                             text         000000
isdigit@c                             cstackBANK0  000082
lcd_gotoxy@address                    cstackBANK0  00008C
lcd_gotoxy@x                          cstackBANK0  00008B
lcd_gotoxy@y                          cstackBANK0  00008A
lcd_init@i                            cstackBANK0  00008A
lcd_putc@c                            cstackBANK0  00008D
lcd_puts@s                            cstackBANK0  00008E
lcd_send_byte@cm_data                 cstackBANK0  000089
lcd_send_byte@n                       cstackBANK0  000088
lcd_send_nibble@n                     cstackBANK0  000087
read_adc_raw_no_lib@channel           cstackBANK0  000086
read_adc_raw_no_lib@raw_value         cstackBANK0  000084
read_adc_voltage@channel              cstackBANK0  0000B7
read_adc_voltage@raw_value            cstackBANK0  0000B5
read_adc_voltage@voltage              cstackBANK0  0000B1
scale@scl                             cstackBANK0  0000D9
set_pwm1_percent@raw_val              cstackBANK1  000104
set_pwm1_percent@tmp                  cstackBANK1  000100
set_pwm1_percent@value                cstackBANK0  0000FC
set_pwm1_raw@raw_value                cstackBANK0  000080
sprintf@ap                            cstackBANK1  000114
sprintf@c                             cstackBANK1  00012E
sprintf@cp                            cstackBANK1  000116
sprintf@exp                           cstackBANK1  000122
sprintf@f                             cstackBANK1  000102
sprintf@flag                          cstackBANK1  000124
sprintf@fval                          cstackBANK1  000126
sprintf@len                           cstackBANK1  000118
sprintf@prec                          cstackBANK1  00012C
sprintf@sp                            cstackBANK1  000100
sprintf@tmpval                        cstackBANK1  00011A
sprintf@val                           cstackBANK1  00011E
sprintf@width                         cstackBANK1  00012A
stackhi                               (abs)        000F7F
stacklo                               (abs)        000187
start                                 init         00000E
start_initialization                  cinit        004322
wtemp6                                temp         00007C


FUNCTION INFORMATION:

 *************** function _main *****************
 Defined at:
		line 426 in file "Main.c"
 Parameters:    Size  Location     Type
		None
 Auto vars:     Size  Location     Type
		None
 Return value:  Size  Location     Type
                  1    wreg      void 
 Registers used:
		wreg, fsr0l, fsr0h, fsr2l, fsr2h, status,2, status,0, tblptrl, tblptrh, tblptru, prodl, prodh, cstack
 Tracked objects:
		On entry : 
		On exit  : 
		Unchanged: 
 Data sizes:     COMRAM   BANK0   BANK1   BANK2   BANK3   BANK4   BANK5   BANK6   BANK7   BANK8   BANK9  BANK10  BANK11  BANK12  BANK13  BANK14  BANK15
      Params:         0       0       0       0       0       0       0       0       0       0       0       0       0       0       0       0       0
      Locals:         0       0      18       0       0       0       0       0       0       0       0       0       0       0       0       0       0
      Temps:          0       0       0       0       0       0       0       0       0       0       0       0       0       0       0       0       0
      Totals:         0       0      18       0       0       0       0       0       0       0       0       0       0       0       0       0       0
Total ram usage:       18 bytes
 Hardware stack levels required when called:   10
 This function calls:
		___fladd
		___flge
		___flmul
		___flneg
		___wmul
		_autoCool
		_autoHeat
		_init
		_init_adc_no_lib
		_lcd_gotoxy
		_lcd_init
		_lcd_putc
		_lcd_puts
		_read_adc_voltage
		_sprintf
 This function is called by:
		Startup code after reset
 This function uses a non-reentrant model


 *************** function _read_adc_voltage *****************
 Defined at:
		line 140 in file "Main.c"
 Parameters:    Size  Location     Type
  channel         1    wreg     unsigned char 
 Auto vars:     Size  Location     Type
  channel         1   55[BANK0 ] unsigned char 
  voltage         4   49[BANK0 ] float 
  raw_value       2   53[BANK0 ] int 
 Return value:  Size  Location     Type
                  4   45[BANK0 ] float 
 Registers used:
		wreg, status,2, status,0, prodl, prodh, cstack
 Tracked objects:
		On entry : 
		On exit  : 
		Unchanged: 
 Data sizes:     COMRAM   BANK0   BANK1   BANK2   BANK3   BANK4   BANK5   BANK6   BANK7   BANK8   BANK9  BANK10  BANK11  BANK12  BANK13  BANK14  BANK15
      Params:         0       4       0       0       0       0       0       0       0       0       0       0       0       0       0       0       0
      Locals:         0       7       0       0       0       0       0       0       0       0       0       0       0       0       0       0       0
      Temps:          0       0       0       0       0       0       0       0       0       0       0       0       0       0       0       0       0
      Totals:         0      11       0       0       0       0       0       0       0       0       0       0       0       0       0       0       0
Total ram usage:       11 bytes
 Hardware stack levels used:    1
 Hardware stack levels required when called:    4
 This function calls:
		___fldiv
		___wmul
		___xxtofl
		_read_adc_raw_no_lib
 This function is called by:
		_main
 This function uses a non-reentrant model


 *************** function _read_adc_raw_no_lib *****************
 Defined at:
		line 131 in file "Main.c"
 Parameters:    Size  Location     Type
  channel         1    wreg     unsigned char 
 Auto vars:     Size  Location     Type
  channel         1    6[BANK0 ] unsigned char 
  raw_value       2    4[BANK0 ] int 
 Return value:  Size  Location     Type
                  2    0[BANK0 ] int 
 Registers used:
		wreg, status,2, status,0
 Tracked objects:
		On entry : 
		On exit  : 
		Unchanged: 
 Data sizes:     COMRAM   BANK0   BANK1   BANK2   BANK3   BANK4   BANK5   BANK6   BANK7   BANK8   BANK9  BANK10  BANK11  BANK12  BANK13  BANK14  BANK15
      Params:         0       2       0       0       0       0       0       0       0       0       0       0       0       0       0       0       0
      Locals:         0       3       0       0       0       0       0       0       0       0       0       0       0       0       0       0       0
      Temps:          0       2       0       0       0       0       0       0       0       0       0       0       0       0       0       0       0
      Totals:         0       7       0       0       0       0       0       0       0       0       0       0       0       0       0       0       0
Total ram usage:        7 bytes
 Hardware stack levels used:    1
 Hardware stack levels required when called:    3
 This function calls:
		Nothing
 This function is called by:
		_read_adc_voltage
 This function uses a non-reentrant model


 *************** function _lcd_init *****************
 Defined at:
		line 172 in file "Main.c"
 Parameters:    Size  Location     Type
		None
 Auto vars:     Size  Location     Type
  i               1   10[BANK0 ] unsigned char 
 Return value:  Size  Location     Type
                  1    wreg      void 
 Registers used:
		wreg, fsr2l, fsr2h, status,2, status,0, prodl, prodh, cstack
 Tracked objects:
		On entry : 
		On exit  : 
		Unchanged: 
 Data sizes:     COMRAM   BANK0   BANK1   BANK2   BANK3   BANK4   BANK5   BANK6   BANK7   BANK8   BANK9  BANK10  BANK11  BANK12  BANK13  BANK14  BANK15
      Params:         0       0       0       0       0       0       0       0       0       0       0       0       0       0       0       0       0
      Locals:         0       1       0       0       0       0       0       0       0       0       0       0       0       0       0       0       0
      Temps:          0       0       0       0       0       0       0       0       0       0       0       0       0       0       0       0       0
      Totals:         0       1       0       0       0       0       0       0       0       0       0       0       0       0       0       0       0
Total ram usage:        1 bytes
 Hardware stack levels used:    1
 Hardware stack levels required when called:    6
 This function calls:
		_delay_ms
		_lcd_send_byte
		_lcd_send_nibble
 This function is called by:
		_main
 This function uses a non-reentrant model


 *************** function _init_adc_no_lib *****************
 Defined at:
		line 125 in file "Main.c"
 Parameters:    Size  Location     Type
		None
 Auto vars:     Size  Location     Type
		None
 Return value:  Size  Location     Type
                  1    wreg      void 
 Registers used:
		wreg, status,2
 Tracked objects:
		On entry : 
		On exit  : 
		Unchanged: 
 Data sizes:     COMRAM   BANK0   BANK1   BANK2   BANK3   BANK4   BANK5   BANK6   BANK7   BANK8   BANK9  BANK10  BANK11  BANK12  BANK13  BANK14  BANK15
      Params:         0       0       0       0       0       0       0       0       0       0       0       0       0       0       0       0       0
      Locals:         0       0       0       0       0       0       0       0       0       0       0       0       0       0       0       0       0
      Temps:          0       0       0       0       0       0       0       0       0       0       0       0       0       0       0       0       0
      Totals:         0       0       0       0       0       0       0       0       0       0       0       0       0       0       0       0       0
Total ram usage:        0 bytes
 Hardware stack levels used:    1
 Hardware stack levels required when called:    3
 This function calls:
		Nothing
 This function is called by:
		_main
 This function uses a non-reentrant model


 *************** function _init *****************
 Defined at:
		line 341 in file "Main.c"
 Parameters:    Size  Location     Type
		None
 Auto vars:     Size  Location     Type
  dummy           1    0[BANK0 ] unsigned char 
 Return value:  Size  Location     Type
                  1    wreg      void 
 Registers used:
		wreg, status,2, cstack
 Tracked objects:
		On entry : 
		On exit  : 
		Unchanged: 
 Data sizes:     COMRAM   BANK0   BANK1   BANK2   BANK3   BANK4   BANK5   BANK6   BANK7   BANK8   BANK9  BANK10  BANK11  BANK12  BANK13  BANK14  BANK15
      Params:         0       0       0       0       0       0       0       0       0       0       0       0       0       0       0       0       0
      Locals:         0       1       0       0       0       0       0       0       0       0       0       0       0       0       0       0       0
      Temps:          0       0       0       0       0       0       0       0       0       0       0       0       0       0       0       0       0
      Totals:         0       1       0       0       0       0       0       0       0       0       0       0       0       0       0       0       0
Total ram usage:        1 bytes
 Hardware stack levels used:    1
 Hardware stack levels required when called:    4
 This function calls:
		_init_pwm1
 This function is called by:
		_main
 This function uses a non-reentrant model


 *************** function _init_pwm1 *****************
 Defined at:
		line 230 in file "Main.c"
 Parameters:    Size  Location     Type
		None
 Auto vars:     Size  Location     Type
		None
 Return value:  Size  Location     Type
                  1    wreg      void 
 Registers used:
		wreg, status,2
 Tracked objects:
		On entry : 
		On exit  : 
		Unchanged: 
 Data sizes:     COMRAM   BANK0   BANK1   BANK2   BANK3   BANK4   BANK5   BANK6   BANK7   BANK8   BANK9  BANK10  BANK11  BANK12  BANK13  BANK14  BANK15
      Params:         0       0       0       0       0       0       0       0       0       0       0       0       0       0       0       0       0
      Locals:         0       0       0       0       0       0       0       0       0       0       0       0       0       0       0       0       0
      Temps:          0       0       0       0       0       0       0       0       0       0       0       0       0       0       0       0       0
      Totals:         0       0       0       0       0       0       0       0       0       0       0       0       0       0       0       0       0
Total ram usage:        0 bytes
 Hardware stack levels used:    1
 Hardware stack levels required when called:    3
 This function calls:
		Nothing
 This function is called by:
		_init
 This function uses a non-reentrant model


 *************** function _autoHeat *****************
 Defined at:
		line 263 in file "Main.c"
 Parameters:    Size  Location     Type
		None
 Auto vars:     Size  Location     Type
		None
 Return value:  Size  Location     Type
                  1    wreg      void 
 Registers used:
		wreg, fsr0l, fsr0h, fsr2l, fsr2h, status,2, status,0, tblptrl, tblptrh, tblptru, prodl, prodh, cstack
 Tracked objects:
		On entry : 
		On exit  : 
		Unchanged: 
 Data sizes:     COMRAM   BANK0   BANK1   BANK2   BANK3   BANK4   BANK5   BANK6   BANK7   BANK8   BANK9  BANK10  BANK11  BANK12  BANK13  BANK14  BANK15
      Params:         0       0       0       0       0       0       0       0       0       0       0       0       0       0       0       0       0
      Locals:         0       0       2       0       0       0       0       0       0       0       0       0       0       0       0       0       0
      Temps:          0       0       0       0       0       0       0       0       0       0       0       0       0       0       0       0       0
      Totals:         0       0       2       0       0       0       0       0       0       0       0       0       0       0       0       0       0
Total ram usage:        2 bytes
 Hardware stack levels used:    1
 Hardware stack levels required when called:    9
 This function calls:
		___fladd
		___flge
		___flneg
		___fltol
		___wmul
		___xxtofl
		_lcd_gotoxy
		_lcd_putc
		_lcd_puts
		_set_pwm1_percent
		_sprintf
 This function is called by:
		_main
 This function uses a non-reentrant model


 *************** function _autoCool *****************
 Defined at:
		line 250 in file "Main.c"
 Parameters:    Size  Location     Type
		None
 Auto vars:     Size  Location     Type
  value           4   55[BANK1 ] float 
 Return value:  Size  Location     Type
                  1    wreg      void 
 Registers used:
		wreg, fsr0l, fsr0h, fsr2l, fsr2h, status,2, status,0, tblptrl, tblptrh, tblptru, prodl, prodh, cstack
 Tracked objects:
		On entry : 
		On exit  : 
		Unchanged: 
 Data sizes:     COMRAM   BANK0   BANK1   BANK2   BANK3   BANK4   BANK5   BANK6   BANK7   BANK8   BANK9  BANK10  BANK11  BANK12  BANK13  BANK14  BANK15
      Params:         0       0       0       0       0       0       0       0       0       0       0       0       0       0       0       0       0
      Locals:         0       0      12       0       0       0       0       0       0       0       0       0       0       0       0       0       0
      Temps:          0       0       0       0       0       0       0       0       0       0       0       0       0       0       0       0       0
      Totals:         0       0      12       0       0       0       0       0       0       0       0       0       0       0       0       0       0
Total ram usage:       12 bytes
 Hardware stack levels used:    1
 Hardware stack levels required when called:    9
 This function calls:
		___fladd
		___fldiv
		___flge
		___flmul
		___flneg
		___wmul
		___xxtofl
		_lcd_gotoxy
		_lcd_puts
		_set_pwm1_percent
		_sprintf
 This function is called by:
		_main
 This function uses a non-reentrant model


 *************** function _sprintf *****************
 Defined at:
		line 492 in file "C:\Program Files (x86)\Microchip\xc8\v1.45\sources\common\doprnt.c"
 Parameters:    Size  Location     Type
  sp              2    0[BANK1 ] PTR unsigned char 
		 -> Buffer(32), 
  f               2    2[BANK1 ] PTR const unsigned char 
		 -> STR_25(3), STR_21(3), STR_20(5), STR_19(6), 
		 -> STR_15(6), STR_14(10), STR_11(20), STR_6(11), 
		 -> STR_4(11), STR_3(3), STR_1(8), 
 Auto vars:     Size  Location     Type
  fval            4   38[BANK1 ] PTR const unsigned char 
  val             4   30[BANK1 ] unsigned long 
  tmpval          4   26[BANK1 ] struct .
  prec            2   44[BANK1 ] int 
  width           2   42[BANK1 ] int 
[...]
      Temps:          4       0       0       0       0       0       0       0       0       0       0       0       0       0       0       0       0
      Totals:        14       0       0       0       0       0       0       0       0       0       0       0       0       0       0       0       0
Total ram usage:       14 bytes
 Hardware stack levels used:    1
 This function calls:
		Nothing
 This function is called by:
		_highIsr
 This function uses a non-reentrant model


 *************** function i2___flneg *****************
 Defined at:
		line 15 in file "C:\Program Files (x86)\Microchip\xc8\v1.45\sources\common\flneg.c"
 Parameters:    Size  Location     Type
  f1              4   14[COMRAM] unsigned char 
 Auto vars:     Size  Location     Type
		None
 Return value:  Size  Location     Type
                  4   14[COMRAM] unsigned char 
 Registers used:
		wreg, status,2, status,0
 Tracked objects:
		On entry : 
		On exit  : 
		Unchanged: 
 Data sizes:     COMRAM   BANK0   BANK1   BANK2   BANK3   BANK4   BANK5   BANK6   BANK7   BANK8   BANK9  BANK10  BANK11  BANK12  BANK13  BANK14  BANK15
      Params:         4       0       0       0       0       0       0       0       0       0       0       0       0       0       0       0       0
      Locals:         0       0       0       0       0       0       0       0       0       0       0       0       0       0       0       0       0
      Temps:          0       0       0       0       0       0       0       0       0       0       0       0       0       0       0       0       0
      Totals:         4       0       0       0       0       0       0       0       0       0       0       0       0       0       0       0       0
Total ram usage:        4 bytes
 Hardware stack levels used:    1
 This function calls:
		Nothing
 This function is called by:
		_highIsr
 This function uses a non-reentrant model


 *************** function i2___flge *****************
 Defined at:
		line 4 in file "C:\Program Files (x86)\Microchip\xc8\v1.45\sources\common\flge.c"
 Parameters:    Size  Location     Type
  ff1             4   38[COMRAM] unsigned char 
  ff2             4   42[COMRAM] unsigned char 
 Auto vars:     Size  Location     Type
		None
 Return value:  Size  Location     Type
		None               void
 Registers used:
		wreg, status,2, status,0
 Tracked objects:
		On entry : 
		On exit  : 
		Unchanged: 
 Data sizes:     COMRAM   BANK0   BANK1   BANK2   BANK3   BANK4   BANK5   BANK6   BANK7   BANK8   BANK9  BANK10  BANK11  BANK12  BANK13  BANK14  BANK15
      Params:         8       0       0       0       0       0       0       0       0       0       0       0       0       0       0       0       0
      Locals:         0       0       0       0       0       0       0       0       0       0       0       0       0       0       0       0       0
      Temps:          4       0       0       0       0       0       0       0       0       0       0       0       0       0       0       0       0
      Totals:        12       0       0       0       0       0       0       0       0       0       0       0       0       0       0       0       0
Total ram usage:       12 bytes
 Hardware stack levels used:    1
 This function calls:
		Nothing
 This function is called by:
		_highIsr
 This function uses a non-reentrant model


 *************** function _restartTimer3 *****************
 Defined at:
		line 113 in file "Main.c"
 Parameters:    Size  Location     Type
		None
 Auto vars:     Size  Location     Type
		None
 Return value:  Size  Location     Type
                  1    wreg      void 
 Registers used:
		wreg, status,2
 Tracked objects:
		On entry : 
		On exit  : 
		Unchanged: 
 Data sizes:     COMRAM   BANK0   BANK1   BANK2   BANK3   BANK4   BANK5   BANK6   BANK7   BANK8   BANK9  BANK10  BANK11  BANK12  BANK13  BANK14  BANK15
      Params:         0       0       0       0       0       0       0       0       0       0       0       0       0       0       0       0       0
      Locals:         0       0       0       0       0       0       0       0       0       0       0       0       0       0       0       0       0
      Temps:          0       0       0       0       0       0       0       0       0       0       0       0       0       0       0       0       0
      Totals:         0       0       0       0       0       0       0       0       0       0       0       0       0       0       0       0       0
Total ram usage:        0 bytes
 Hardware stack levels used:    1
 This function calls:
		Nothing
 This function is called by:
		_highIsr
 This function uses a non-reentrant model


 *************** function _incrementPercentHeatCounter *****************
 Defined at:
		line 287 in file "Main.c"
 Parameters:    Size  Location     Type
		None
 Auto vars:     Size  Location     Type
		None
 Return value:  Size  Location     Type
                  1    wreg      void 
 Registers used:
		wreg, status,2, status,0
 Tracked objects:
		On entry : 
		On exit  : 
		Unchanged: 
 Data sizes:     COMRAM   BANK0   BANK1   BANK2   BANK3   BANK4   BANK5   BANK6   BANK7   BANK8   BANK9  BANK10  BANK11  BANK12  BANK13  BANK14  BANK15
      Params:         0       0       0       0       0       0       0       0       0       0       0       0       0       0       0       0       0
      Locals:         0       0       0       0       0       0       0       0       0       0       0       0       0       0       0       0       0
      Temps:          0       0       0       0       0       0       0       0       0       0       0       0       0       0       0       0       0
      Totals:         0       0       0       0       0       0       0       0       0       0       0       0       0       0       0       0       0
Total ram usage:        0 bytes
 Hardware stack levels used:    1
 This function calls:
		Nothing
 This function is called by:
		_highIsr
 This function uses a non-reentrant model


 *************** function _incrementPercentCoolCounter *****************
 Defined at:
		line 289 in file "Main.c"
 Parameters:    Size  Location     Type
		None
 Auto vars:     Size  Location     Type
		None
 Return value:  Size  Location     Type
                  1    wreg      void 
 Registers used:
		wreg, status,2, status,0
 Tracked objects:
		On entry : 
		On exit  : 
		Unchanged: 
 Data sizes:     COMRAM   BANK0   BANK1   BANK2   BANK3   BANK4   BANK5   BANK6   BANK7   BANK8   BANK9  BANK10  BANK11  BANK12  BANK13  BANK14  BANK15
      Params:         0       0       0       0       0       0       0       0       0       0       0       0       0       0       0       0       0
      Locals:         0       0       0       0       0       0       0       0       0       0       0       0       0       0       0       0       0
      Temps:          0       0       0       0       0       0       0       0       0       0       0       0       0       0       0       0       0
      Totals:         0       0       0       0       0       0       0       0       0       0       0       0       0       0       0       0       0
Total ram usage:        0 bytes
 Hardware stack levels used:    1
 This function calls:
		Nothing
 This function is called by:
		_highIsr
 This function uses a non-reentrant model


 *************** function _incrementHS *****************
 Defined at:
		line 291 in file "Main.c"
 Parameters:    Size  Location     Type
		None
 Auto vars:     Size  Location     Type
		None
 Return value:  Size  Location     Type
                  1    wreg      void 
 Registers used:
		wreg, status,2, status,0
 Tracked objects:
		On entry : 
		On exit  : 
		Unchanged: 
 Data sizes:     COMRAM   BANK0   BANK1   BANK2   BANK3   BANK4   BANK5   BANK6   BANK7   BANK8   BANK9  BANK10  BANK11  BANK12  BANK13  BANK14  BANK15
      Params:         0       0       0       0       0       0       0       0       0       0       0       0       0       0       0       0       0
      Locals:         0       0       0       0       0       0       0       0       0       0       0       0       0       0       0       0       0
      Temps:          0       0       0       0       0       0       0       0       0       0       0       0       0       0       0       0       0
      Totals:         0       0       0       0       0       0       0       0       0       0       0       0       0       0       0       0       0
Total ram usage:        0 bytes
 Hardware stack levels used:    1
 This function calls:
		Nothing
 This function is called by:
		_highIsr
 This function uses a non-reentrant model


 *************** function _decrementPercentHeatCounter *****************
 Defined at:
		line 288 in file "Main.c"
 Parameters:    Size  Location     Type
		None
 Auto vars:     Size  Location     Type
		None
 Return value:  Size  Location     Type
                  1    wreg      void 
 Registers used:
		wreg, status,2, status,0
 Tracked objects:
		On entry : 
		On exit  : 
		Unchanged: 
 Data sizes:     COMRAM   BANK0   BANK1   BANK2   BANK3   BANK4   BANK5   BANK6   BANK7   BANK8   BANK9  BANK10  BANK11  BANK12  BANK13  BANK14  BANK15
      Params:         0       0       0       0       0       0       0       0       0       0       0       0       0       0       0       0       0
      Locals:         0       0       0       0       0       0       0       0       0       0       0       0       0       0       0       0       0
      Temps:          0       0       0       0       0       0       0       0       0       0       0       0       0       0       0       0       0
      Totals:         0       0       0       0       0       0       0       0       0       0       0       0       0       0       0       0       0
Total ram usage:        0 bytes
 Hardware stack levels used:    1
 This function calls:
		Nothing
 This function is called by:
		_highIsr
 This function uses a non-reentrant model


 *************** function _decrementPercentCoolCounter *****************
 Defined at:
		line 290 in file "Main.c"
 Parameters:    Size  Location     Type
		None
 Auto vars:     Size  Location     Type
		None
 Return value:  Size  Location     Type
                  1    wreg      void 
 Registers used:
		wreg, status,2, status,0
 Tracked objects:
		On entry : 
		On exit  : 
		Unchanged: 
 Data sizes:     COMRAM   BANK0   BANK1   BANK2   BANK3   BANK4   BANK5   BANK6   BANK7   BANK8   BANK9  BANK10  BANK11  BANK12  BANK13  BANK14  BANK15
      Params:         0       0       0       0       0       0       0       0       0       0       0       0       0       0       0       0       0
      Locals:         0       0       0       0       0       0       0       0       0       0       0       0       0       0       0       0       0
      Temps:          0       0       0       0       0       0       0       0       0       0       0       0       0       0       0       0       0
      Totals:         0       0       0       0       0       0       0       0       0       0       0       0       0       0       0       0       0
Total ram usage:        0 bytes
 Hardware stack levels used:    1
 This function calls:
		Nothing
 This function is called by:
		_highIsr
 This function uses a non-reentrant model


 *************** function _decrementHS *****************
 Defined at:
		line 292 in file "Main.c"
 Parameters:    Size  Location     Type
		None
 Auto vars:     Size  Location     Type
		None
 Return value:  Size  Location     Type
                  1    wreg      void 
 Registers used:
		wreg, status,2, status,0
 Tracked objects:
		On entry : 
		On exit  : 
		Unchanged: 
 Data sizes:     COMRAM   BANK0   BANK1   BANK2   BANK3   BANK4   BANK5   BANK6   BANK7   BANK8   BANK9  BANK10  BANK11  BANK12  BANK13  BANK14  BANK15
      Params:         0       0       0       0       0       0       0       0       0       0       0       0       0       0       0       0       0
      Locals:         0       0       0       0       0       0       0       0       0       0       0       0       0       0       0       0       0
      Temps:          0       0       0       0       0       0       0       0       0       0       0       0       0       0       0       0       0
      Totals:         0       0       0       0       0       0       0       0       0       0       0       0       0       0       0       0       0
Total ram usage:        0 bytes
 Hardware stack levels used:    1
 This function calls:
		Nothing
 This function is called by:
		_highIsr
 This function uses a non-reentrant model


 *************** function _changeOperationMode *****************
 Defined at:
		line 225 in file "Main.c"
 Parameters:    Size  Location     Type
		None
 Auto vars:     Size  Location     Type
		None
 Return value:  Size  Location     Type
                  1    wreg      void 
 Registers used:
		wreg, status,2, status,0
 Tracked objects:
		On entry : 
		On exit  : 
		Unchanged: 
 Data sizes:     COMRAM   BANK0   BANK1   BANK2   BANK3   BANK4   BANK5   BANK6   BANK7   BANK8   BANK9  BANK10  BANK11  BANK12  BANK13  BANK14  BANK15
      Params:         0       0       0       0       0       0       0       0       0       0       0       0       0       0       0       0       0
      Locals:         0       0       0       0       0       0       0       0       0       0       0       0       0       0       0       0       0
      Temps:          0       0       0       0       0       0       0       0       0       0       0       0       0       0       0       0       0
      Totals:         0       0       0       0       0       0       0       0       0       0       0       0       0       0       0       0       0
Total ram usage:        0 bytes
 Hardware stack levels used:    1
 This function calls:
		Nothing
 This function is called by:
		_highIsr
 This function uses a non-reentrant model



MODULE INFORMATION

Module		Function		Class		Link	Load	Size
C:\Program Files (x86)\Microchip\xc8\v1.45\sources\common\sprcdiv.c
		___fldiv       		CODE           	298A	0000	695

C:\Program Files (x86)\Microchip\xc8\v1.45\sources\common\sprcdiv.c estimated size: 695

C:\Program Files (x86)\Microchip\xc8\v1.45\sources\common\flge.c
		___flge        		CODE           	381C	0000	291

C:\Program Files (x86)\Microchip\xc8\v1.45\sources\common\flge.c estimated size: 291

C:\Program Files (x86)\Microchip\xc8\v1.45\sources\common\doprnt.c
		_scale         		CODE           	120A	0000	1189
		_sprintf       		CODE           	0012	0000	3149
		_fround        		CODE           	26C4	0000	711

C:\Program Files (x86)\Microchip\xc8\v1.45\sources\common\doprnt.c estimated size: 5049

C:\Program Files (x86)\Microchip\xc8\v1.45\sources\common\Umul16.c
		___wmul        		CODE           	44BE	0000	41

C:\Program Files (x86)\Microchip\xc8\v1.45\sources\common\Umul16.c estimated size: 41

C:\Program Files (x86)\Microchip\xc8\v1.45\sources\common\isdigit.c
		_isdigit       		CODE           	450C	0000	35

C:\Program Files (x86)\Microchip\xc8\v1.45\sources\common\isdigit.c estimated size: 35

C:\Program Files (x86)\Microchip\xc8\v1.45\sources\common\sprcadd.c
		___flsub       		CODE           	4292	0000	73
		___fladd       		CODE           	1D50	0000	831

C:\Program Files (x86)\Microchip\xc8\v1.45\sources\common\sprcadd.c estimated size: 904

C:\Program Files (x86)\Microchip\xc8\v1.45\sources\common\ftdivl.c
		__tdiv_to_l_   		CODE           	35BE	0000	309

C:\Program Files (x86)\Microchip\xc8\v1.45\sources\common\ftdivl.c estimated size: 309

C:\Program Files (x86)\Microchip\xc8\v1.45\sources\common\awmod.c
		___awmod       		CODE           	403C	0000	115

C:\Program Files (x86)\Microchip\xc8\v1.45\sources\common\awmod.c estimated size: 115

C:\Program Files (x86)\Microchip\xc8\v1.45\sources\common\llmod.c
		___llmod       		CODE           	411C	0000	105

C:\Program Files (x86)\Microchip\xc8\v1.45\sources\common\llmod.c estimated size: 105

C:\Program Files (x86)\Microchip\xc8\v1.45\sources\common\fldivl.c
		__div_to_l_    		CODE           	36F2	0000	299

C:\Program Files (x86)\Microchip\xc8\v1.45\sources\common\fldivl.c estimated size: 299

C:\Program Files (x86)\Microchip\xc8\v1.45\sources\common\fltol.c
		___fltol       		CODE           	3B74	0000	223

C:\Program Files (x86)\Microchip\xc8\v1.45\sources\common\fltol.c estimated size: 223

Main.c
		_set_pwm1_percent		CODE           	3D2E	0000	193
		_autoHeat      		CODE           	312C	0000	495
		_init          		CODE           	3A5E	0000	279
		_init_adc_no_lib		CODE           	45E4	0000	13
		_lcd_putc      		CODE           	4184	0000	99
		_lcd_puts      		CODE           	41E6	0000	89
		_lcd_send_byte 		CODE           	423E	0000	85
		_restartTimer3 		CODE           	458E	0000	19
		_autoCool      		CODE           	2EF4	0000	569
		_decrementPercentHeatCounter		CODE           	45A0	0000	19
		_main          		CODE           	0C5E	0000	1453
		_decrementPercentCoolCounter		CODE           	45D4	0000	17
		_highIsr       		CODE           	0008	0000	769
		_read_adc_raw_no_lib		CODE           	4364	0000	65
		_incrementPercentHeatCounter		CODE           	454E	0000	23
		_changeOperationMode		CODE           	452E	0000	33
		_lcd_gotoxy    		CODE           	42DA	0000	73
		_incrementPercentCoolCounter		CODE           	457A	0000	21
		_lcd_send_nibble		CODE           	44E6	0000	39
		_decrementHS   		CODE           	45B2	0000	19
		_delay_ms      		CODE           	4494	0000	43
		_init_pwm1     		CODE           	45C4	0000	17
		_read_adc_voltage		CODE           	3EA6	0000	141
		_set_pwm1_raw  		CODE           	4408	0000	49
		_lcd_init      		CODE           	40AE	0000	111
		_delay_cycles  		CODE           	43A4	0000	53
		_incrementHS   		CODE           	4564	0000	23

Main.c estimated size: 4809

shared
		__powers_      		MEDIUMCONST    	FEF9	0000	53
		_dpowers       		MEDIUMCONST    	FF61	0000	41
		i2_set_pwm1_raw		CODE           	4438	0000	47
		i2___flneg     		CODE           	4466	0000	47
		i2___fladd     		CODE           	208E	0000	829
		i2___fldiv     		CODE           	2C40	0000	693
		__npowers_     		MEDIUMCONST    	FF2D	0000	53
		i2___fltol     		CODE           	3C52	0000	221
		__initialization		CODE           	4322	0000	57
		i2___flge      		CODE           	393E	0000	289
		i2___flmul     		CODE           	1A00	0000	849
		i2___xxtofl    		CODE           	346E	0000	337
		i2_set_pwm1_percent		CODE           	3DEE	0000	185

shared estimated size: 3701

C:\Program Files (x86)\Microchip\xc8\v1.45\sources\common\awdiv.c
		___awdiv       		CODE           	3F32	0000	135

C:\Program Files (x86)\Microchip\xc8\v1.45\sources\common\awdiv.c estimated size: 135

C:\Program Files (x86)\Microchip\xc8\v1.45\sources\common\lldiv.c
		___lldiv       		CODE           	3FB8	0000	133

C:\Program Files (x86)\Microchip\xc8\v1.45\sources\common\lldiv.c estimated size: 133

C:\Program Files (x86)\Microchip\xc8\v1.45\sources\common\xxtofl.c
		___xxtofl      		CODE           	331A	0000	341

C:\Program Files (x86)\Microchip\xc8\v1.45\sources\common\xxtofl.c estimated size: 341

C:\Program Files (x86)\Microchip\xc8\v1.45\sources\common\flneg.c
		___flneg       		CODE           	43D8	0000	49

C:\Program Files (x86)\Microchip\xc8\v1.45\sources\common\flneg.c estimated size: 49

C:\Program Files (x86)\Microchip\xc8\v1.45\sources\common\sprcmul.c
		___flmul       		CODE           	16AE	0000	851

C:\Program Files (x86)\Microchip\xc8\v1.45\sources\common\sprcmul.c estimated size: 851

