Microchip MPLAB XC8 Compiler V1.45 ()

Linker command line:

-W-3 --edf=C:\Program Files (x86)\Microchip\xc8\v1.45\dat\en_msgs.txt -cs \
  -h+dist/default/production\Assignment1.X.production.sym \
  --cmf=dist/default/production\Assignment1.X.production.cmf -z -Q18F4620 \
  -oC:\Users\anaya\AppData\Local\Temp\se1g.2 \
  -Mdist/default/production/Assignment1.X.production.map -E1 -ver=XC8 \
  --acfsm=1493 -ASTACK=0F8h-0f7fh -pstack=STACK -ACODE=00h-0FFFFh \
  -ACONST=00h-0FFFFh -ASMALLCONST=01000h-010FFhx240 \
  -AMEDIUMCONST=01000h-0FFFFh -ACOMRAM=01h-07Fh -AABS1=00h-0F7Fh \
  -ABIGRAM=01h-0F7Fh -ARAM=080h-0FFh,0100h-01FFhx14,0F00h-0F7Fh \
  -ABANK0=080h-0FFh -ABANK1=0100h-01FFh -ABANK2=0200h-02FFh \
  -ABANK3=0300h-03FFh -ABANK4=0400h-04FFh -ABANK5=0500h-05FFh \
  -ABANK6=0600h-06FFh -ABANK7=0700h-07FFh -ABANK8=0800h-08FFh \
  -ABANK9=0900h-09FFh -ABANK10=0A00h-0AFFh -ABANK11=0B00h-0BFFh \
  -ABANK12=0C00h-0CFFh -ABANK13=0D00h-0DFFh -ABANK14=0E00h-0EFFh \
  -ABANK15=0F00h-0F7Fh -ASFR=0F80h-0FFFh \
  -preset_vec=00h,intcode=08h,intcodelo,powerup,init -pramtop=01000h \
  -psmallconst=SMALLCONST -pmediumconst=MEDIUMCONST -pconst=CONST \
  -AFARRAM=00h-00h -ACONFIG=0300000h-030000Dh -pconfig=CONFIG \
  -AIDLOC=0200000h-0200007h -pidloc=IDLOC -AEEDATA=0F00000h-0F003FFh \
  -peeprom_data=EEDATA \
  -prdata=COMRAM,nvrram=COMRAM,nvbit=COMRAM,rbss=COMRAM,rbit=COMRAM \
  -pfarbss=FARRAM,fardata=FARRAM,nvFARRAM=FARRAM \
  -pintsave_regs=BIGRAM,bigbss=BIGRAM,bigdata=BIGRAM -pbss=RAM \
  -pidata=CODE,irdata=CODE,ibigdata=CODE,ifardata=CODE -prparam=COMRAM \
  C:\Users\anaya\AppData\Local\Temp\se1g.obj \
  dist/default/production\Assignment1.X.production.obj 

Object code version is 3.11

Machine type is 18F4620

Call graph: (short form)




                Name                               Link     Load   Length Selector   Space Scale
C:\Users\anaya\AppData\Local\Temp\se1g.obj
                init                                  E        E        4        4       0
                reset_vec                             0        0        4        0       0
                idloc                            200000   200000        8   200000       0
                config                           300000   300000        E   300000       0
dist/default/production\Assignment1.X.production.obj
                intcode                               8        8        6        4       0
                temp                                 6B       6B        1        1       1
                mediumconst                        FDD8     FDD8      228     7EEC       0
                text44                             3002     3002       2A        4       0
                text43                             2F74     2F74       32        4       0
                text42                             313E     313E        A        4       0
                text41                             2DE2     2DE2       52        4       0
                intcode_body                       2760     2760       E6        4       0
                text39                             2B5E     2B5E       7C        4       0
                text38                             2BDA     2BDA       7A        4       0
                text37                             3134     3134        A        4       0
                text36                             2922     2922       B4        4       0
                text35                             3128     3128        C        4       0
                text34                             23EE     23EE      12A        4       0
                text33                             3100     3100       18        4       0
                text32                             3052     3052       26        4       0
                text31                             2FD4     2FD4       2E        4       0
                text30                             30C0     30C0       22        4       0
                text29                             2E34     2E34       48        4       0
                text28                             2D2A     2D2A       62        4       0
                text27                             2EC2     2EC2       42        4       0
                text26                             2D8C     2D8C       56        4       0
                text25                             309C     309C       24        4       0
                text24                             1C0A     1C0A      2B4        4       0
                text23                             302C     302C       26        4       0
                text22                             216C     216C      150        4       0
                text21                             2F04     2F04       3A        4       0
                text20                             2ADC     2ADC       82        4       0
                text19                             3148     3148        8        4       0
                text18                             3118     3118       10        4       0
                text17                             3078     3078       24        4       0
                text16                             2640     2640      120        4       0
                text15                             2FA6     2FA6       2E        4       0
                text14                             18CE     18CE      33C        4       0
                text13                             2E7C     2E7C       46        4       0
                text12                             2846     2846       DC        4       0
                text11                             2A5A     2A5A       82        4       0
                text10                             2CC4     2CC4       66        4       0
                text9                              2518     2518      128        4       0
                text8                              22BC     22BC      132        4       0
                text7                              29D6     29D6       84        4       0
                text6                              2C54     2C54       70        4       0
                text5                              157E     157E      350        4       0
                text4                              1EBE     1EBE      2AE        4       0
                text3                              30E2     30E2       1E        4       0
                text2                              10FE     10FE      480        4       0
                text1                                12       12      C18        4       0
                text0                               C2A      C2A      4D4        4       0
                cstackCOMRAM                          1        1       64        1       1
                cstackBANK0                          80       80       6E       80       1
                bssBANK0                             EE       EE        8       80       1
                dataCOMRAM                           65       65        6        1       1
                cinit                              2F3E     2F3E       36        4       0
                nvBANK0                              F6       F6        2       80       1
                idataCOMRAM                        3150     3150        6        4       0

TOTAL           Name                               Link     Load   Length     Space
        CLASS   STACK          

        CLASS   CODE           
                intcode                               8        8        6         0
                init                                  E        E        4         0
                reset_vec                             0        0        4         0
                text44                             3002     3002       2A         0
                text43                             2F74     2F74       32         0
                text42                             313E     313E        A         0
                text41                             2DE2     2DE2       52         0
                intcode_body                       2760     2760       E6         0
                text39                             2B5E     2B5E       7C         0
                text38                             2BDA     2BDA       7A         0
                text37                             3134     3134        A         0
                text36                             2922     2922       B4         0
                text35                             3128     3128        C         0
                text34                             23EE     23EE      12A         0
                text33                             3100     3100       18         0
                text32                             3052     3052       26         0
                text31                             2FD4     2FD4       2E         0
                text30                             30C0     30C0       22         0
                text29                             2E34     2E34       48         0
                text28                             2D2A     2D2A       62         0
                text27                             2EC2     2EC2       42         0
                text26                             2D8C     2D8C       56         0
                text25                             309C     309C       24         0
                text24                             1C0A     1C0A      2B4         0
                text23                             302C     302C       26         0
                text22                             216C     216C      150         0
                text21                             2F04     2F04       3A         0
                text20                             2ADC     2ADC       82         0
                text19                             3148     3148        8         0
                text18                             3118     3118       10         0
                text17                             3078     3078       24         0
                text16                             2640     2640      120         0
                text15                             2FA6     2FA6       2E         0
                text14                             18CE     18CE      33C         0
                text13                             2E7C     2E7C       46         0
                text12                             2846     2846       DC         0
                text11                             2A5A     2A5A       82         0
                text10                             2CC4     2CC4       66         0
                text9                              2518     2518      128         0
                text8                              22BC     22BC      132         0
                text7                              29D6     29D6       84         0
                text6                              2C54     2C54       70         0
                text5                              157E     157E      350         0
                text4                              1EBE     1EBE      2AE         0
                text3                              30E2     30E2       1E         0
                text2                              10FE     10FE      480         0
                text1                                12       12      C18         0
                text0                               C2A      C2A      4D4         0
                cinit                              2F3E     2F3E       36         0
                idataCOMRAM                        3150     3150        6         0

        CLASS   CONST          

        CLASS   SMALLCONST     

        CLASS   MEDIUMCONST    
                mediumconst                        FDD8     FDD8      228         0

        CLASS   COMRAM         
                temp                                 6B       6B        1         1
                cstackCOMRAM                          1        1       64         1
                dataCOMRAM                           65       65        6         1

        CLASS   ABS1           

        CLASS   BIGRAM         

        CLASS   RAM            

        CLASS   BANK0          
                cstackBANK0                          80       80       6E         1
                bssBANK0                             EE       EE        8         1
                nvBANK0                              F6       F6        2         1

        CLASS   BANK1          

        CLASS   BANK2          

        CLASS   BANK3          

        CLASS   BANK4          

        CLASS   BANK5          

        CLASS   BANK6          

        CLASS   BANK7          

        CLASS   BANK8          

        CLASS   BANK9          

        CLASS   BANK10         

        CLASS   BANK11         

        CLASS   BANK12         

        CLASS   BANK13         

        CLASS   BANK14         

        CLASS   BANK15         

        CLASS   SFR            

        CLASS   FARRAM         

        CLASS   CONFIG         
                config                           300000   300000        E         0

        CLASS   IDLOC          
                idloc                            200000   200000        8         0

        CLASS   EEDATA         



SEGMENTS        Name                           Load    Length   Top    Selector   Space  Class

                reset_vec                      000000  000004  000004         0       0  CODE    
                cstackCOMRAM                   000001  00006B  00006C         1       1  COMRAM  
                intcode                        000008  00314E  003156         4       0  CODE    
                cstackBANK0                    000080  000078  0000F8        80       1  BANK0   
                mediumconst                    00FDD8  000228  010000      7EEC       0  MEDIUMCO
                idloc                          200000  000008  200008    200000       0  IDLOC   
                config                         300000  00000E  30000E    300000       0  CONFIG  


UNUSED ADDRESS RANGES

        Name                Unused          Largest block    Delta
        BANK0            0000F8-0000FF                8
        BANK1            000100-0001FF              100
        BANK10           000A00-000AFF              100
        BANK11           000B00-000BFF              100
        BANK12           000C00-000CFF              100
        BANK13           000D00-000DFF              100
        BANK14           000E00-000EFF              100
        BANK15           000F00-000F7F               80
        BANK2            000200-0002FF              100
        BANK3            000300-0003FF              100
        BANK4            000400-0004FF              100
        BANK5            000500-0005FF              100
        BANK6            000600-0006FF              100
        BANK7            000700-0007FF              100
        BANK8            000800-0008FF              100
        BANK9            000900-0009FF              100
        BIGRAM           00006C-00007F               14
                         0000F8-000F7F              E88
        CODE             000004-000007                4
                         003156-00FDD7             CC82
        COMRAM           00006C-00007F               14
        CONST            000004-000007                4
                         003156-00FDD7             CC82
        EEDATA           F00000-F003FF              400
        MEDIUMCONST      003156-00FDD7             CC82
        RAM              0000F8-000F7F              100
        SFR              000F80-000FFF               80
        SMALLCONST       003156-00FDD7              100
        STACK            0000F8-000F7F              E88

                                  Symbol Table

?___awdiv                     cstackCOMRAM 00001B
?___awmod                     cstackCOMRAM 000015
?___fladd                     cstackCOMRAM 000049
?___fldiv                     cstackCOMRAM 000029
?___flmul                     cstackCOMRAM 000023
?___flneg                     cstackCOMRAM 000015
?___flsub                     cstackCOMRAM 00005D
?___fltol                     cstackCOMRAM 000045
?___lldiv                     cstackCOMRAM 000015
?___llmod                     cstackCOMRAM 000022
?___wmul                      cstackCOMRAM 000015
?___xxtofl                    cstackCOMRAM 00001B
?__div_to_l_                  cstackCOMRAM 000015
?__tdiv_to_l_                 cstackCOMRAM 000015
?_fround                      cstackCOMRAM 00003C
?_read_adc_raw_no_lib         cstackCOMRAM 000015
?_read_adc_voltage            cstackCOMRAM 000042
?_scale                       cstackCOMRAM 00003C
?_sprintf                     cstackBANK0  000080
_ADCON0                       (abs)        000FC2
_ADCON0bits                   (abs)        000FC2
_ADCON1                       (abs)        000FC1
_ADCON2                       (abs)        000FC0
_ADRESH                       (abs)        000FC4
_ADRESL                       (abs)        000FC3
_BAUDCONbits                  (abs)        000FB8
_INTCON2                      (abs)        000FF1
_INTCON2bits                  (abs)        000FF1
_INTCON3                      (abs)        000FF0
_INTCON3bits                  (abs)        000FF0
_INTCONbits                   (abs)        000FF2
_LCD_INIT_STRING              dataCOMRAM   000065
_PIE1                         (abs)        000F9D
_PIR1bits                     (abs)        000F9E
_PORTBbits                    (abs)        000F81
_PORTCbits                    (abs)        000F82
_PORTD                        (abs)        000F83
_PORTEbits                    (abs)        000F84
_RCONbits                     (abs)        000FD0
_RCREG                        (abs)        000FAE
_RCSTA                        (abs)        000FAB
_RCSTAbits                    (abs)        000FAB
_SPBRG                        (abs)        000FAF
_T0CON                        (abs)        000FD5
_T0CONbits                    (abs)        000FD5
_T1CONbits                    (abs)        000FCD
_TMR0H                        (abs)        000FD7
_TMR0L                        (abs)        000FD6
_TMR1H                        (abs)        000FCF
_TMR1L                        (abs)        000FCE
_TRISA                        (abs)        000F92
_TRISB                        (abs)        000F93
_TRISC                        (abs)        000F94
_TRISCbits                    (abs)        000F94
_TRISD                        (abs)        000F95
_TRISE                        (abs)        000F96
_TXREG                        (abs)        000FAD
_TXSTA                        (abs)        000FAC
_TXSTAbits                    (abs)        000FAC
__CFG_BOREN$SBORDIS           (abs)        000000
__CFG_BORV$3                  (abs)        000000
__CFG_CCP2MX$PORTC            (abs)        000000
__CFG_CP0$OFF                 (abs)        000000
__CFG_CP1$OFF                 (abs)        000000
__CFG_CP2$OFF                 (abs)        000000
__CFG_CP3$OFF                 (abs)        000000
__CFG_CPB$OFF                 (abs)        000000
__CFG_CPD$OFF                 (abs)        000000
__CFG_EBTR0$OFF               (abs)        000000
__CFG_EBTR1$OFF               (abs)        000000
__CFG_EBTR2$OFF               (abs)        000000
__CFG_EBTR3$OFF               (abs)        000000
__CFG_EBTRB$OFF               (abs)        000000
__CFG_FCMEN$OFF               (abs)        000000
__CFG_IESO$OFF                (abs)        000000
__CFG_LPT1OSC$OFF             (abs)        000000
__CFG_LVP$ON                  (abs)        000000
__CFG_MCLRE$ON                (abs)        000000
__CFG_OSC$XT                  (abs)        000000
__CFG_PBADEN$ON               (abs)        000000
__CFG_PWRT$OFF                (abs)        000000
__CFG_STVREN$ON               (abs)        000000
__CFG_WDT$ON                  (abs)        000000
__CFG_WDTPS$32768             (abs)        000000
__CFG_WRT0$OFF                (abs)        000000
__CFG_WRT1$OFF                (abs)        000000
__CFG_WRT2$OFF                (abs)        000000
__CFG_WRT3$OFF                (abs)        000000
__CFG_WRTB$OFF                (abs)        000000
__CFG_WRTC$OFF                (abs)        000000
__CFG_WRTD$OFF                (abs)        000000
__CFG_XINST$OFF               (abs)        000000
__HRAM                        (abs)        000000
__Habs1                       abs1         000000
__Hbank0                      bank0        000000
__Hbank1                      bank1        000000
__Hbank10                     bank10       000000
__Hbank11                     bank11       000000
__Hbank12                     bank12       000000
__Hbank13                     bank13       000000
__Hbank14                     bank14       000000
__Hbank15                     bank15       000000
__Hbank2                      bank2        000000
__Hbank3                      bank3        000000
__Hbank4                      bank4        000000
__Hbank5                      bank5        000000
__Hbank6                      bank6        000000
__Hbank7                      bank7        000000
__Hbank8                      bank8        000000
__Hbank9                      bank9        000000
__Hbigbss                     bigbss       000000
__Hbigdata                    bigdata      000000
__Hbigram                     bigram       000000
__Hbss                        bss          000000
__HbssBANK0                   bssBANK0     000000
__Hcinit                      cinit        000000
__Hclrtext                    clrtext      000000
__Hcomram                     comram       000000
__Hconfig                     config       30000E
__Hconst                      const        000000
__HcstackBANK0                cstackBANK0  000000
__HcstackCOMRAM               cstackCOMRAM 000000
__Hdata                       data         000000
__HdataCOMRAM                 dataCOMRAM   000000
__Heeprom_data                eeprom_data  000000
__Hfarbss                     farbss       000000
__Hfardata                    fardata      000000
__Hibigdata                   ibigdata     000000
__Hidata                      idata        000000
__HidataCOMRAM                idataCOMRAM  000000
__Hidloc                      idloc        200008
__Hifardata                   ifardata     000000
__Hinit                       init         000012
__Hintcode                    intcode      00000E
__Hintcode_body               intcode_body 000000
__Hintcodelo                  intcodelo    00000E
__Hintentry                   intentry     000000
__Hintret                     intret       000000
__Hintsave_regs               intsave_regs 000000
__Hirdata                     irdata       000000
__Hmediumconst                mediumconst  010000
__HnvBANK0                    nvBANK0      000000
__HnvFARRAM                   nvFARRAM     000000
__Hnvbit                      nvbit        000000
__Hnvrram                     nvrram       000000
__Hparam                      rparam       000000
__Hpowerup                    powerup      00000E
__Hram                        ram          000000
__Hramtop                     ramtop       001000
__Hrbit                       rbit         000000
__Hrbss                       rbss         000000
__Hrdata                      rdata        000000
__Hreset_vec                  reset_vec    000004
__Hrparam                     rparam       000000
__Hsfr                        sfr          000000
__Hsmallconst                 smallconst   000000
__Hspace_0                    (abs)        30000E
__Hspace_1                    (abs)        0000F8
__Hspace_2                    (abs)        000000
__Hstack                      stack        000000
__Hstruct                     struct       000000
__Htemp                       temp         00006C
__Htext                       text         000000
__Htext0                      text0        000000
__Htext1                      text1        000000
__Htext10                     text10       000000
__Htext11                     text11       000000
__Htext12                     text12       000000
__Htext13                     text13       000000
__Htext14                     text14       000000
__Htext15                     text15       000000
__Htext16                     text16       000000
__Htext17                     text17       000000
__Htext18                     text18       000000
__Htext19                     text19       000000
__Htext2                      text2        000000
__Htext20                     text20       000000
__Htext21                     text21       000000
__Htext22                     text22       000000
__Htext23                     text23       000000
__Htext24                     text24       000000
__Htext25                     text25       000000
__Htext26                     text26       000000
__Htext27                     text27       000000
__Htext28                     text28       000000
__Htext29                     text29       000000
__Htext3                      text3        000000
__Htext30                     text30       000000
__Htext31                     text31       000000
__Htext32                     text32       000000
__Htext33                     text33       000000
__Htext34                     text34       000000
__Htext35                     text35       000000
__Htext36                     text36       000000
__Htext37                     text37       000000
__Htext38                     text38       000000
__Htext39                     text39       000000
__Htext4                      text4        000000
__Htext41                     text41       000000
__Htext42                     text42       000000
__Htext43                     text43       000000
__Htext44                     text44       000000
__Htext5                      text5        000000
__Htext6                      text6        000000
__Htext7                      text7        000000
__Htext8                      text8        000000
__Htext9                      text9        000000
__LRAM                        (abs)        000001
__Labs1                       abs1         000000
__Lbank0                      bank0        000000
__Lbank1                      bank1        000000
__Lbank10                     bank10       000000
__Lbank11                     bank11       000000
__Lbank12                     bank12       000000
__Lbank13                     bank13       000000
__Lbank14                     bank14       000000
__Lbank15                     bank15       000000
__Lbank2                      bank2        000000
__Lbank3                      bank3        000000
__Lbank4                      bank4        000000
__Lbank5                      bank5        000000
__Lbank6                      bank6        000000
__Lbank7                      bank7        000000
__Lbank8                      bank8        000000
__Lbank9                      bank9        000000
__Lbigbss                     bigbss       000000
__Lbigdata                    bigdata      000000
__Lbigram                     bigram       000000
__Lbss                        bss          000000
__LbssBANK0                   bssBANK0     000000
__Lcinit                      cinit        000000
__Lclrtext                    clrtext      000000
__Lcomram                     comram       000000
__Lconfig                     config       300000
__Lconst                      const        000000
__LcstackBANK0                cstackBANK0  000000
__LcstackCOMRAM               cstackCOMRAM 000000
__Ldata                       data         000000
__LdataCOMRAM                 dataCOMRAM   000000
__Leeprom_data                eeprom_data  000000
__Lfarbss                     farbss       000000
__Lfardata                    fardata      000000
__Libigdata                   ibigdata     000000
__Lidata                      idata        000000
__LidataCOMRAM                idataCOMRAM  000000
__Lidloc                      idloc        200000
__Lifardata                   ifardata     000000
__Linit                       init         00000E
__Lintcode                    intcode      000008
__Lintcode_body               intcode_body 000000
__Lintcodelo                  intcodelo    00000E
__Lintentry                   intentry     000000
__Lintret                     intret       000000
__Lintsave_regs               intsave_regs 000000
__Lirdata                     irdata       000000
__Lmediumconst                mediumconst  00FDD8
__LnvBANK0                    nvBANK0      000000
__LnvFARRAM                   nvFARRAM     000000
__Lnvbit                      nvbit        000000
__Lnvrram                     nvrram       000000
__Lparam                      rparam       000000
__Lpowerup                    powerup      00000E
__Lram                        ram          000000
__Lramtop                     ramtop       001000
__Lrbit                       rbit         000000
__Lrbss                       rbss         000000
__Lrdata                      rdata        000000
__Lreset_vec                  reset_vec    000000
__Lrparam                     rparam       000000
__Lsfr                        sfr          000000
__Lsmallconst                 smallconst   000000
__Lspace_0                    (abs)        000000
__Lspace_1                    (abs)        000000
__Lspace_2                    (abs)        000000
__Lstack                      stack        000000
__Lstruct                     struct       000000
__Ltemp                       temp         00006B
__Ltext                       text         000000
__Ltext0                      text0        000000
__Ltext1                      text1        000000
__Ltext10                     text10       000000
__Ltext11                     text11       000000
__Ltext12                     text12       000000
__Ltext13                     text13       000000
__Ltext14                     text14       000000
__Ltext15                     text15       000000
__Ltext16                     text16       000000
__Ltext17                     text17       000000
__Ltext18                     text18       000000
__Ltext19                     text19       000000
__Ltext2                      text2        000000
__Ltext20                     text20       000000
__Ltext21                     text21       000000
__Ltext22                     text22       000000
__Ltext23                     text23       000000
__Ltext24                     text24       000000
__Ltext25                     text25       000000
__Ltext26                     text26       000000
__Ltext27                     text27       000000
__Ltext28                     text28       000000
__Ltext29                     text29       000000
__Ltext3                      text3        000000
__Ltext30                     text30       000000
__Ltext31                     text31       000000
__Ltext32                     text32       000000
__Ltext33                     text33       000000
__Ltext34                     text34       000000
__Ltext35                     text35       000000
__Ltext36                     text36       000000
__Ltext37                     text37       000000
__Ltext38                     text38       000000
__Ltext39                     text39       000000
__Ltext4                      text4        000000
__Ltext41                     text41       000000
__Ltext42                     text42       000000
__Ltext43                     text43       000000
__Ltext44                     text44       000000
__Ltext5                      text5        000000
__Ltext6                      text6        000000
__Ltext7                      text7        000000
__Ltext8                      text8        000000
__Ltext9                      text9        000000
__S0                          (abs)        30000E
__S1                          (abs)        0000F8
__S2                          (abs)        000000
___awdiv                      text7        0029D6
___awdiv@counter              cstackCOMRAM 00001F
___awdiv@dividend             cstackCOMRAM 00001B
___awdiv@divisor              cstackCOMRAM 00001D
___awdiv@quotient             cstackCOMRAM 000021
___awdiv@sign                 cstackCOMRAM 000020
___awmod                      text6        002C54
___awmod@counter              cstackCOMRAM 000019
___awmod@dividend             cstackCOMRAM 000015
___awmod@divisor              cstackCOMRAM 000017
___awmod@sign                 cstackCOMRAM 00001A
___fladd                      text14       0018CE
___fladd@a                    cstackCOMRAM 00004D
___fladd@aexp                 cstackCOMRAM 00005A
___fladd@b                    cstackCOMRAM 000049
___fladd@bexp                 cstackCOMRAM 00005B
___fladd@grs                  cstackCOMRAM 00005C
___fladd@signs                cstackCOMRAM 000059
___fldiv                      text24       001C0A
___fldiv@a                    cstackCOMRAM 00002D
___fldiv@aexp                 cstackCOMRAM 000041
___fldiv@b                    cstackCOMRAM 000029
___fldiv@bexp                 cstackCOMRAM 000040
___fldiv@grs                  cstackCOMRAM 00003C
___fldiv@new_exp              cstackCOMRAM 00003A
___fldiv@rem                  cstackCOMRAM 000036
___fldiv@sign                 cstackCOMRAM 000035
___flge                       text16       002640
___flge@ff1                   cstackCOMRAM 000015
___flge@ff2                   cstackCOMRAM 000019
___flmul                      text5        00157E
___flmul@a                    cstackCOMRAM 000027
___flmul@aexp                 cstackCOMRAM 000034
___flmul@b                    cstackCOMRAM 000023
___flmul@bexp                 cstackCOMRAM 000035
___flmul@grs                  cstackCOMRAM 000030
___flmul@prod                 cstackCOMRAM 000036
___flmul@sign                 cstackCOMRAM 00002F
___flmul@temp                 cstackCOMRAM 00003A
___flneg                      text15       002FA6
___flneg@f1                   cstackCOMRAM 000015
___flsub                      text13       002E7C
___flsub@a                    cstackCOMRAM 000061
___flsub@b                    cstackCOMRAM 00005D
___fltol                      text12       002846
___fltol@exp1                 cstackCOMRAM 00004E
___fltol@f1                   cstackCOMRAM 000045
___fltol@sign1                cstackCOMRAM 00004D
___inthi_sp                   stack        000000
___intlo_sp                   stack        000000
___lldiv                      text11       002A5A
___lldiv@counter              cstackCOMRAM 000021
___lldiv@dividend             cstackCOMRAM 000015
___lldiv@divisor              cstackCOMRAM 000019
___lldiv@quotient             cstackCOMRAM 00001D
___llmod                      text10       002CC4
___llmod@counter              cstackCOMRAM 00002A
___llmod@dividend             cstackCOMRAM 000022
___llmod@divisor              cstackCOMRAM 000026
___param_bank                 (abs)        000000
___rparam_used                (abs)        000001
___sp                         stack        000000
___wmul                       text23       00302C
___wmul@multiplicand          cstackCOMRAM 000017
___wmul@multiplier            cstackCOMRAM 000015
___wmul@product               cstackCOMRAM 000019
___xxtofl                     text22       00216C
___xxtofl@arg                 cstackCOMRAM 000025
___xxtofl@exp                 cstackCOMRAM 000024
___xxtofl@sign                cstackCOMRAM 000023
___xxtofl@val                 cstackCOMRAM 00001B
__accesstop                   (abs)        000080
__activetblptr                (abs)        000003
__div_to_l_                   text9        002518
__div_to_l_@cntr              cstackCOMRAM 000021
__div_to_l_@exp1              cstackCOMRAM 000022
__div_to_l_@f1                cstackCOMRAM 000015
__div_to_l_@f2                cstackCOMRAM 000019
__div_to_l_@quot              cstackCOMRAM 00001D
__end_of___awdiv              text7        002A5A
__end_of___awmod              text6        002CC4
__end_of___fladd              text14       001C0A
__end_of___fldiv              text24       001EBE
__end_of___flge               text16       002760
__end_of___flmul              text5        0018CE
__end_of___flneg              text15       002FD4
__end_of___flsub              text13       002EC2
__end_of___fltol              text12       002922
__end_of___lldiv              text11       002ADC
__end_of___llmod              text10       002D2A
__end_of___wmul               text23       003052
__end_of___xxtofl             text22       0022BC
__end_of__div_to_l_           text9        002640
__end_of__initialization      cinit        002F6A
__end_of__npowers_            mediumconst  00FE41
__end_of__powers_             mediumconst  00FE0D
__end_of__tdiv_to_l_          text8        0023EE
__end_of_changeClockMode      text44       00302C
__end_of_changeSetupMode      text43       002FA6
__end_of_clockNormalMode      text41       002E34
__end_of_decrementClock       text39       002BDA
__end_of_delay_cycles         text31       003002
__end_of_delay_ms             text32       003078
__end_of_dpowers              mediumconst  00FE69
__end_of_fround               text4        00216C
__end_of_highIsr              intcode_body 002846
__end_of_incrementClock       text38       002C54
__end_of_init                 text36       0029D6
__end_of_init_adc_no_lib      text35       003134
__end_of_isValidChar          text34       002518
__end_of_is_byte_available    text33       003118
__end_of_isdigit              text3        003100
__end_of_lcd_gotoxy           text27       002F04
__end_of_lcd_init             text28       002D8C
__end_of_lcd_putc             text26       002DE2
__end_of_lcd_puts             text25       0030C0
__end_of_lcd_send_byte        text29       002E7C
__end_of_lcd_send_nibble      text30       0030E2
__end_of_main                 text0        0010FE
__end_of_read_adc_raw_no_lib  text21       002F3E
__end_of_read_adc_voltage     text20       002B5E
__end_of_read_byte_no_lib     text19       003150
__end_of_restartTimer0        text37       00313E
__end_of_scale                text2        00157E
__end_of_send_byte_no_lib     text18       003128
__end_of_send_string_no_lib   text17       00309C
__end_of_sprintf              text1        000C2A
__end_ofi2_restartTimer0      text42       003148
__initialization              cinit        002F3E
__mediumconst                 mediumconst  00FDD8
__npowers_                    mediumconst  00FE0D
__pbssBANK0                   bssBANK0     0000EE
__pcinit                      cinit        002F3E
__pcstackBANK0                cstackBANK0  000080
__pcstackCOMRAM               cstackCOMRAM 000001
__pdataCOMRAM                 dataCOMRAM   000065
__pidataCOMRAM                idataCOMRAM  003150
__pintcode                    intcode      000008
__pintcode_body               intcode_body 002760
__pmediumconst                mediumconst  00FDD8
__pnvBANK0                    nvBANK0      0000F6
__powers_                     mediumconst  00FDD9
__ptext0                      text0        000C2A
__ptext1                      text1        000012
__ptext10                     text10       002CC4
__ptext11                     text11       002A5A
__ptext12                     text12       002846
__ptext13                     text13       002E7C
__ptext14                     text14       0018CE
__ptext15                     text15       002FA6
__ptext16                     text16       002640
__ptext17                     text17       003078
__ptext18                     text18       003118
__ptext19                     text19       003148
__ptext2                      text2        0010FE
__ptext20                     text20       002ADC
__ptext21                     text21       002F04
__ptext22                     text22       00216C
__ptext23                     text23       00302C
__ptext24                     text24       001C0A
__ptext25                     text25       00309C
__ptext26                     text26       002D8C
__ptext27                     text27       002EC2
__ptext28                     text28       002D2A
__ptext29                     text29       002E34
__ptext3                      text3        0030E2
__ptext30                     text30       0030C0
__ptext31                     text31       002FD4
__ptext32                     text32       003052
__ptext33                     text33       003100
__ptext34                     text34       0023EE
__ptext35                     text35       003128
__ptext36                     text36       002922
__ptext37                     text37       003134
__ptext38                     text38       002BDA
__ptext39                     text39       002B5E
__ptext4                      text4        001EBE
__ptext41                     text41       002DE2
__ptext42                     text42       00313E
__ptext43                     text43       002F74
__ptext44                     text44       003002
__ptext5                      text5        00157E
__ptext6                      text6        002C54
__ptext7                      text7        0029D6
__ptext8                      text8        0022BC
__ptext9                      text9        002518
__ramtop                      ramtop       001000
__size_of___awdiv             (abs)        000000
__size_of___awmod             (abs)        000000
__size_of___fladd             (abs)        000000
__size_of___fldiv             (abs)        000000
__size_of___flge              (abs)        000000
__size_of___flmul             (abs)        000000
__size_of___flneg             (abs)        000000
__size_of___flsub             (abs)        000000
__size_of___fltol             (abs)        000000
__size_of___lldiv             (abs)        000000
__size_of___llmod             (abs)        000000
__size_of___wmul              (abs)        000000
__size_of___xxtofl            (abs)        000000
__size_of__div_to_l_          (abs)        000000
__size_of__tdiv_to_l_         (abs)        000000
__size_of_changeClockMode     (abs)        000000
__size_of_changeSetupMode     (abs)        000000
__size_of_clockNormalMode     (abs)        000000
__size_of_decrementClock      (abs)        000000
__size_of_delay_cycles        (abs)        000000
__size_of_delay_ms            (abs)        000000
__size_of_fround              (abs)        000000
__size_of_highIsr             (abs)        000000
__size_of_incrementClock      (abs)        000000
__size_of_init                (abs)        000000
__size_of_init_adc_no_lib     (abs)        000000
__size_of_isValidChar         (abs)        000000
__size_of_is_byte_available   (abs)        000000
__size_of_isdigit             (abs)        000000
__size_of_lcd_gotoxy          (abs)        000000
__size_of_lcd_init            (abs)        000000
__size_of_lcd_putc            (abs)        000000
__size_of_lcd_puts            (abs)        000000
__size_of_lcd_send_byte       (abs)        000000
__size_of_lcd_send_nibble     (abs)        000000
__size_of_main                (abs)        000000
__size_of_read_adc_raw_no_lib (abs)        000000
__size_of_read_adc_voltage    (abs)        000000
__size_of_read_byte_no_lib    (abs)        000000
__size_of_restartTimer0       (abs)        000000
__size_of_scale               (abs)        000000
__size_of_send_byte_no_lib    (abs)        000000
__size_of_send_string_no_lib  (abs)        000000
__size_of_sprintf             (abs)        000000
__size_ofi2_restartTimer0     (abs)        000000
__smallconst                  smallconst   000000
__tdiv_to_l_                  text8        0022BC
__tdiv_to_l_@cntr             cstackCOMRAM 000024
__tdiv_to_l_@exp1             cstackCOMRAM 000025
__tdiv_to_l_@f1               cstackCOMRAM 000015
__tdiv_to_l_@f2               cstackCOMRAM 000019
__tdiv_to_l_@quot             cstackCOMRAM 000020
_changeClockMode              text44       003002
_changeSetupMode              text43       002F74
_clkMode                      nvBANK0      0000F6
_clockNormalMode              text41       002DE2
_decrementClock               text39       002B5E
_delay_cycles                 text31       002FD4
_delay_ms                     text32       003052
_dpowers                      mediumconst  00FE41
_fround                       text4        001EBE
_fround$1782                  cstackCOMRAM 000044
_fround$1783                  cstackCOMRAM 000040
_highIsr                      intcode      000008
_hours                        bssBANK0     0000F0
_incrementClock               text38       002BDA
_init                         text36       002922
_init_adc_no_lib              text35       003128
_initial                      dataCOMRAM   000069
_isValidChar                  text34       0023EE
_isValidChar$895              cstackCOMRAM 00001D
_isValidChar$896              cstackCOMRAM 00001E
_isValidChar$897              cstackCOMRAM 00001B
_isValidChar$898              cstackCOMRAM 00001F
_isValidChar$899              cstackCOMRAM 000020
_isValidChar$900              cstackCOMRAM 000021
_isValidChar$901              cstackCOMRAM 000022
_is_byte_available            text33       003100
_isdigit                      text3        0030E2
_isdigit$1408                 cstackCOMRAM 000016
_lcd                          (abs)        000F83
_lcd_gotoxy                   text27       002EC2
_lcd_init                     text28       002D2A
_lcd_putc                     text26       002D8C
_lcd_puts                     text25       00309C
_lcd_send_byte                text29       002E34
_lcd_send_nibble              text30       0030C0
_main                         text0        000C2A
_main$1105                    cstackBANK0  0000D7
_main$1110                    cstackBANK0  0000D9
_main$1118                    cstackBANK0  0000DB
_main$1119                    cstackBANK0  0000DD
_minutes                      bssBANK0     0000F2
_read_adc_raw_no_lib          text21       002F04
_read_adc_voltage             text20       002ADC
_read_byte_no_lib             text19       003148
_restartTimer0                text37       003134
_scale                        text2        0010FE
_scale$1784                   cstackCOMRAM 000040
_seconds                      bssBANK0     0000F4
_send_byte_no_lib             text18       003118
_send_string_no_lib           text17       003078
_sprintf                      text1        000012
_sprintf$1785                 cstackBANK0  00008E
_stpMode                      bssBANK0     0000EE
btemp                         temp         00006B
delay_cycles@n                cstackCOMRAM 000018
delay_cycles@x                cstackCOMRAM 000019
delay_ms@i                    cstackCOMRAM 000017
delay_ms@n                    cstackCOMRAM 000015
end_of_initialization         cinit        002F6A
fround@prec                   cstackCOMRAM 000048
i2_restartTimer0              text42       00313E
init@dummy                    cstackCOMRAM 000015
int$flags                     temp         00006B
int_func                      intcode_body 002760
intlevel0                     text         000000
intlevel1                     text         000000
intlevel2                     text         000000
intlevel3                     text         000000
isValidChar@c                 cstackCOMRAM 000017
isValidChar@command           cstackCOMRAM 000015
isValidChar@i                 cstackCOMRAM 000018
isdigit@c                     cstackCOMRAM 000017
lcd_gotoxy@address            cstackCOMRAM 000021
lcd_gotoxy@x                  cstackCOMRAM 000020
lcd_gotoxy@y                  cstackCOMRAM 00001F
lcd_init@i                    cstackCOMRAM 00001F
lcd_putc@c                    cstackCOMRAM 000022
lcd_puts@s                    cstackCOMRAM 000023
lcd_send_byte@cm_data         cstackCOMRAM 00001E
lcd_send_byte@n               cstackCOMRAM 00001D
lcd_send_nibble@n             cstackCOMRAM 00001C
main@Buffer                   cstackBANK0  0000AE
main@RecvedChar               cstackBANK0  0000ED
main@command                  cstackBANK0  0000CE
main@i                        cstackBANK0  0000EB
main@isRB4Release             cstackBANK0  0000E3
main@isRB5Release             cstackBANK0  0000E5
main@t                        cstackBANK0  0000E7
main@voltage                  cstackBANK0  0000DF
read_adc_raw_no_lib@channel   cstackCOMRAM 00001B
read_adc_raw_no_lib@raw_value cstackCOMRAM 000019
read_adc_voltage@channel      cstackCOMRAM 00004C
read_adc_voltage@raw_value    cstackCOMRAM 00004A
read_adc_voltage@voltage      cstackCOMRAM 000046
read_byte_no_lib@c            cstackCOMRAM 000015
scale@scl                     cstackCOMRAM 000044
send_byte_no_lib@c            cstackCOMRAM 000015
send_string_no_lib@p          cstackCOMRAM 000016
sprintf@ap                    cstackBANK0  000094
sprintf@c                     cstackBANK0  0000AC
sprintf@cp                    cstackBANK0  000092
sprintf@exp                   cstackBANK0  0000A0
sprintf@f                     cstackBANK0  000082
sprintf@flag                  cstackBANK0  0000A2
sprintf@fval                  cstackBANK0  0000A4
sprintf@len                   cstackBANK0  000096
sprintf@prec                  cstackBANK0  0000AA
sprintf@sp                    cstackBANK0  000080
sprintf@tmpval                cstackBANK0  000098
sprintf@val                   cstackBANK0  00009C
sprintf@width                 cstackBANK0  0000A8
stackhi                       (abs)        000F7F
stacklo                       (abs)        0000F8
start                         init         00000E
start_initialization          cinit        002F3E
wtemp6                        temp         00006C


FUNCTION INFORMATION:

 *************** function _main *****************
 Defined at:
		line 376 in file "Main.c"
 Parameters:    Size  Location     Type
		None
 Auto vars:     Size  Location     Type
  Buffer         32   46[BANK0 ] unsigned char [32]
  command         9   78[BANK0 ] unsigned char [9]
  t               4  103[BANK0 ] float 
  voltage         4   95[BANK0 ] float 
  i               2  107[BANK0 ] int 
  isRB5Release    2  101[BANK0 ] short 
  isRB4Release    2   99[BANK0 ] short 
  RecvedChar      1  109[BANK0 ] unsigned char 
 Return value:  Size  Location     Type
                  1    wreg      void 
 Registers used:
		wreg, fsr1l, fsr1h, fsr2l, fsr2h, status,2, status,0, tblptrl, tblptrh, tblptru, prodl, prodh, cstack
 Tracked objects:
		On entry : 
		On exit  : 
		Unchanged: 
 Data sizes:     COMRAM   BANK0   BANK1   BANK2   BANK3   BANK4   BANK5   BANK6   BANK7   BANK8   BANK9  BANK10  BANK11  BANK12  BANK13  BANK14  BANK15
      Params:         0       0       0       0       0       0       0       0       0       0       0       0       0       0       0       0       0
      Locals:         0      64       0       0       0       0       0       0       0       0       0       0       0       0       0       0       0
      Temps:          0       1       0       0       0       0       0       0       0       0       0       0       0       0       0       0       0
      Totals:         0      65       0       0       0       0       0       0       0       0       0       0       0       0       0       0       0
Total ram usage:       65 bytes
 Hardware stack levels required when called:    9
 This function calls:
		___flmul
		___wmul
		_decrementClock
		_delay_ms
		_incrementClock
		_init
		_init_adc_no_lib
		_isValidChar
		_is_byte_available
		_lcd_gotoxy
		_lcd_init
		_lcd_putc
		_lcd_puts
		_read_adc_voltage
		_read_byte_no_lib
		_send_string_no_lib
		_sprintf
 This function is called by:
		Startup code after reset
 This function uses a non-reentrant model


 *************** function _sprintf *****************
 Defined at:
		line 492 in file "C:\Program Files (x86)\Microchip\xc8\v1.45\sources\common\doprnt.c"
 Parameters:    Size  Location     Type
  sp              2    0[BANK0 ] PTR unsigned char 
		 -> main@Buffer(32), 
  f               2    2[BANK0 ] PTR const unsigned char 
		 -> STR_20(37), STR_19(46), STR_18(18), STR_14(15), 
		 -> STR_13(17), STR_10(9), STR_7(9), STR_6(9), 
		 -> STR_5(15), STR_4(65), STR_3(33), STR_2(40), 
		 -> STR_1(56), 
 Auto vars:     Size  Location     Type
  fval            4   36[BANK0 ] PTR const unsigned char 
  val             4   28[BANK0 ] unsigned long 
  tmpval          4   24[BANK0 ] struct .
  prec            2   42[BANK0 ] int 
  width           2   40[BANK0 ] int 
  flag            2   34[BANK0 ] unsigned short 
  exp             2   32[BANK0 ] int 
  len             2   22[BANK0 ] unsigned int 
  ap              2   20[BANK0 ] PTR void [1]
		 -> ?_sprintf(2), 
  cp              2   18[BANK0 ] PTR const unsigned char 
		 -> STR_21(7), main@command(9), STR_17(6), STR_16(8), 
		 -> STR_15(8), STR_12(4), STR_11(3), STR_9(4), 
		 -> STR_8(3), main@voltage(4), 
  c               1   44[BANK0 ] char 
  d               1    0        unsigned char 
 Return value:  Size  Location     Type
                  2    0[BANK0 ] int 
 Registers used:
		wreg, fsr1l, fsr1h, fsr2l, fsr2h, status,2, status,0, tblptrl, tblptrh, tblptru, prodl, prodh, cstack
 Tracked objects:
		On entry : 
		On exit  : 
		Unchanged: 
 Data sizes:     COMRAM   BANK0   BANK1   BANK2   BANK3   BANK4   BANK5   BANK6   BANK7   BANK8   BANK9  BANK10  BANK11  BANK12  BANK13  BANK14  BANK15
      Params:         0      10       0       0       0       0       0       0       0       0       0       0       0       0       0       0       0
      Locals:         0      31       0       0       0       0       0       0       0       0       0       0       0       0       0       0       0
      Temps:          0       4       0       0       0       0       0       0       0       0       0       0       0       0       0       0       0
      Totals:         0      45       0       0       0       0       0       0       0       0       0       0       0       0       0       0       0
Total ram usage:       45 bytes
 Hardware stack levels used:    1
 Hardware stack levels required when called:    5
 This function calls:
		___awdiv
		___fladd
		___flge
		___flmul
		___flneg
		___flsub
		___fltol
		___lldiv
		___llmod
		___wmul
		___xxtofl
		__div_to_l_
		__tdiv_to_l_
		_fround
		_isdigit
		_scale
 This function is called by:
		_main
 This function uses a non-reentrant model


 *************** function _scale *****************
 Defined at:
		line 425 in file "C:\Program Files (x86)\Microchip\xc8\v1.45\sources\common\doprnt.c"
 Parameters:    Size  Location     Type
  scl             1    wreg     char 
 Auto vars:     Size  Location     Type
  scl             1   67[COMRAM] char 
 Return value:  Size  Location     Type
                  4   59[COMRAM] char 
 Registers used:
		wreg, status,2, status,0, tblptrl, tblptrh, tblptru, prodl, prodh, cstack
 Tracked objects:
		On entry : 
		On exit  : 
		Unchanged: 
 Data sizes:     COMRAM   BANK0   BANK1   BANK2   BANK3   BANK4   BANK5   BANK6   BANK7   BANK8   BANK9  BANK10  BANK11  BANK12  BANK13  BANK14  BANK15
      Params:         4       0       0       0       0       0       0       0       0       0       0       0       0       0       0       0       0
      Locals:         5       0       0       0       0       0       0       0       0       0       0       0       0       0       0       0       0
      Temps:          0       0       0       0       0       0       0       0       0       0       0       0       0       0       0       0       0
      Totals:         9       0       0       0       0       0       0       0       0       0       0       0       0       0       0       0       0
Total ram usage:        9 bytes
 Hardware stack levels used:    1
 Hardware stack levels required when called:    4
 This function calls:
		___awdiv
		___awmod
		___flmul
 This function is called by:
		_sprintf
 This function uses a non-reentrant model


 *************** function _isdigit *****************
 Defined at:
		line 8 in file "C:\Program Files (x86)\Microchip\xc8\v1.45\sources\common\isdigit.c"
 Parameters:    Size  Location     Type
  c               1    wreg     unsigned char 
 Auto vars:     Size  Location     Type
  c               1   22[COMRAM] unsigned char 
 Return value:  Size  Location     Type
		None               void
 Registers used:
		wreg, status,2, status,0
 Tracked objects:
		On entry : 
		On exit  : 
		Unchanged: 
 Data sizes:     COMRAM   BANK0   BANK1   BANK2   BANK3   BANK4   BANK5   BANK6   BANK7   BANK8   BANK9  BANK10  BANK11  BANK12  BANK13  BANK14  BANK15
      Params:         0       0       0       0       0       0       0       0       0       0       0       0       0       0       0       0       0
      Locals:         2       0       0       0       0       0       0       0       0       0       0       0       0       0       0       0       0
      Temps:          1       0       0       0       0       0       0       0       0       0       0       0       0       0       0       0       0
      Totals:         3       0       0       0       0       0       0       0       0       0       0       0       0       0       0       0       0
Total ram usage:        3 bytes
 Hardware stack levels used:    1
 Hardware stack levels required when called:    3
 This function calls:
		Nothing
 This function is called by:
		_sprintf
 This function uses a non-reentrant model


 *************** function _fround *****************
 Defined at:
		line 409 in file "C:\Program Files (x86)\Microchip\xc8\v1.45\sources\common\doprnt.c"
 Parameters:    Size  Location     Type
  prec            1    wreg     unsigned char 
 Auto vars:     Size  Location     Type
  prec            1   71[COMRAM] unsigned char 
 Return value:  Size  Location     Type
                  4   59[COMRAM] unsigned char 
 Registers used:
		wreg, status,2, status,0, tblptrl, tblptrh, tblptru, prodl, prodh, cstack
 Tracked objects:
		On entry : 
		On exit  : 
		Unchanged: 
 Data sizes:     COMRAM   BANK0   BANK1   BANK2   BANK3   BANK4   BANK5   BANK6   BANK7   BANK8   BANK9  BANK10  BANK11  BANK12  BANK13  BANK14  BANK15
      Params:         4       0       0       0       0       0       0       0       0       0       0       0       0       0       0       0       0
      Locals:         9       0       0       0       0       0       0       0       0       0       0       0       0       0       0       0       0
      Temps:          0       0       0       0       0       0       0       0       0       0       0       0       0       0       0       0       0
      Totals:        13       0       0       0       0       0       0       0       0       0       0       0       0       0       0       0       0
Total ram usage:       13 bytes
 Hardware stack levels used:    1
 Hardware stack levels required when called:    4
 This function calls:
		___awdiv
		___awmod
		___flmul
 This function is called by:
		_sprintf
 This function uses a non-reentrant model


 *************** function ___flmul *****************
 Defined at:
		line 8 in file "C:\Program Files (x86)\Microchip\xc8\v1.45\sources\common\sprcmul.c"
 Parameters:    Size  Location     Type
  b               4   34[COMRAM] unsigned char 
  a               4   38[COMRAM] unsigned char 
 Auto vars:     Size  Location     Type
  prod            4   53[COMRAM] struct .
  grs             4   47[COMRAM] unsigned long 
  temp            2   57[COMRAM] struct .
  bexp            1   52[COMRAM] unsigned char 
  aexp            1   51[COMRAM] unsigned char 
  sign            1   46[COMRAM] unsigned char 
 Return value:  Size  Location     Type
                  4   34[COMRAM] unsigned char 
 Registers used:
		wreg, status,2, status,0, prodl, prodh
 Tracked objects:
		On entry : 
		On exit  : 
		Unchanged: 
 Data sizes:     COMRAM   BANK0   BANK1   BANK2   BANK3   BANK4   BANK5   BANK6   BANK7   BANK8   BANK9  BANK10  BANK11  BANK12  BANK13  BANK14  BANK15
      Params:         8       0       0       0       0       0       0       0       0       0       0       0       0       0       0       0       0
      Locals:        13       0       0       0       0       0       0       0       0       0       0       0       0       0       0       0       0
      Temps:          4       0       0       0       0       0       0       0       0       0       0       0       0       0       0       0       0
      Totals:        25       0       0       0       0       0       0       0       0       0       0       0       0       0       0       0       0
Total ram usage:       25 bytes
 Hardware stack levels used:    1
 Hardware stack levels required when called:    3
 This function calls:
		Nothing
 This function is called by:
		_main
		_fround
		_scale
		_sprintf
 This function uses a non-reentrant model


 *************** function ___awmod *****************
 Defined at:
		line 8 in file "C:\Program Files (x86)\Microchip\xc8\v1.45\sources\common\awmod.c"
 Parameters:    Size  Location     Type
  dividend        2   20[COMRAM] int 
  divisor         2   22[COMRAM] int 
 Auto vars:     Size  Location     Type
  sign            1   25[COMRAM] unsigned char 
  counter         1   24[COMRAM] unsigned char 
 Return value:  Size  Location     Type
                  2   20[COMRAM] int 
 Registers used:
		wreg, status,2, status,0
 Tracked objects:
		On entry : 
		On exit  : 
		Unchanged: 
 Data sizes:     COMRAM   BANK0   BANK1   BANK2   BANK3   BANK4   BANK5   BANK6   BANK7   BANK8   BANK9  BANK10  BANK11  BANK12  BANK13  BANK14  BANK15
      Params:         4       0       0       0       0       0       0       0       0       0       0       0       0       0       0       0       0
      Locals:         2       0       0       0       0       0       0       0       0       0       0       0       0       0       0       0       0
      Temps:          0       0       0       0       0       0       0       0       0       0       0       0       0       0       0       0       0
      Totals:         6       0       0       0       0       0       0       0       0       0       0       0       0       0       0       0       0
Total ram usage:        6 bytes
 Hardware stack levels used:    1
 Hardware stack levels required when called:    3
 This function calls:
		Nothing
 This function is called by:
		_fround
		_scale
 This function uses a non-reentrant model


 *************** function ___awdiv *****************
 Defined at:
		line 8 in file "C:\Program Files (x86)\Microchip\xc8\v1.45\sources\common\awdiv.c"
 Parameters:    Size  Location     Type
  dividend        2   26[COMRAM] int 
  divisor         2   28[COMRAM] int 
 Auto vars:     Size  Location     Type
  quotient        2   32[COMRAM] int 
  sign            1   31[COMRAM] unsigned char 
  counter         1   30[COMRAM] unsigned char 
 Return value:  Size  Location     Type
                  2   26[COMRAM] int 
 Registers used:
		wreg, status,2, status,0
 Tracked objects:
		On entry : 
		On exit  : 
		Unchanged: 
 Data sizes:     COMRAM   BANK0   BANK1   BANK2   BANK3   BANK4   BANK5   BANK6   BANK7   BANK8   BANK9  BANK10  BANK11  BANK12  BANK13  BANK14  BANK15
      Params:         4       0       0       0       0       0       0       0       0       0       0       0       0       0       0       0       0
      Locals:         4       0       0       0       0       0       0       0       0       0       0       0       0       0       0       0       0
      Temps:          0       0       0       0       0       0       0       0       0       0       0       0       0       0       0       0       0
      Totals:         8       0       0       0       0       0       0       0       0       0       0       0       0       0       0       0       0
Total ram usage:        8 bytes
 Hardware stack levels used:    1
 Hardware stack levels required when called:    3
 This function calls:
		Nothing
 This function is called by:
		_fround
		_scale
		_sprintf
 This function uses a non-reentrant model


 *************** function __tdiv_to_l_ *****************
 Defined at:
		line 60 in file "C:\Program Files (x86)\Microchip\xc8\v1.45\sources\common\ftdivl.c"
 Parameters:    Size  Location     Type
  f1              4   20[COMRAM] float 
  f2              4   24[COMRAM] float 
 Auto vars:     Size  Location     Type
  quot            4   31[COMRAM] unsigned long 
  exp1            1   36[COMRAM] unsigned char 
  cntr            1   35[COMRAM] unsigned char 
 Return value:  Size  Location     Type
                  4   20[COMRAM] unsigned long 
 Registers used:
		wreg, status,2, status,0
 Tracked objects:
		On entry : 
		On exit  : 
		Unchanged: 
 Data sizes:     COMRAM   BANK0   BANK1   BANK2   BANK3   BANK4   BANK5   BANK6   BANK7   BANK8   BANK9  BANK10  BANK11  BANK12  BANK13  BANK14  BANK15
      Params:         8       0       0       0       0       0       0       0       0       0       0       0       0       0       0       0       0
      Locals:         6       0       0       0       0       0       0       0       0       0       0       0       0       0       0       0       0
      Temps:          3       0       0       0       0       0       0       0       0       0       0       0       0       0       0       0       0
      Totals:        17       0       0       0       0       0       0       0       0       0       0       0       0       0       0       0       0
Total ram usage:       17 bytes
 Hardware stack levels used:    1
 Hardware stack levels required when called:    3
 This function calls:
		Nothing
 This function is called by:
		_sprintf
 This function uses a non-reentrant model


 *************** function __div_to_l_ *****************
 Defined at:
		line 60 in file "C:\Program Files (x86)\Microchip\xc8\v1.45\sources\common\fldivl.c"
 Parameters:    Size  Location     Type
  f1              4   20[COMRAM] unsigned long 
  f2              4   24[COMRAM] unsigned long 
 Auto vars:     Size  Location     Type
  quot            4   28[COMRAM] unsigned long 
  exp1            1   33[COMRAM] unsigned char 
  cntr            1   32[COMRAM] unsigned char 
 Return value:  Size  Location     Type
                  4   20[COMRAM] unsigned long 
 Registers used:
		wreg, status,2, status,0
 Tracked objects:
		On entry : 
		On exit  : 
		Unchanged: 
 Data sizes:     COMRAM   BANK0   BANK1   BANK2   BANK3   BANK4   BANK5   BANK6   BANK7   BANK8   BANK9  BANK10  BANK11  BANK12  BANK13  BANK14  BANK15
      Params:         8       0       0       0       0       0       0       0       0       0       0       0       0       0       0       0       0
      Locals:         6       0       0       0       0       0       0       0       0       0       0       0       0       0       0       0       0
      Temps:          0       0       0       0       0       0       0       0       0       0       0       0       0       0       0       0       0
      Totals:        14       0       0       0       0       0       0       0       0       0       0       0       0       0       0       0       0
Total ram usage:       14 bytes
 Hardware stack levels used:    1
 Hardware stack levels required when called:    3
 This function calls:
		Nothing
 This function is called by:
		_sprintf
 This function uses a non-reentrant model


 *************** function ___llmod *****************
 Defined at:
		line 8 in file "C:\Program Files (x86)\Microchip\xc8\v1.45\sources\common\llmod.c"
 Parameters:    Size  Location     Type
  dividend        4   33[COMRAM] unsigned long 
  divisor         4   37[COMRAM] unsigned long 
 Auto vars:     Size  Location     Type
  counter         1   41[COMRAM] unsigned char 
 Return value:  Size  Location     Type
                  4   33[COMRAM] unsigned long 
 Registers used:
		wreg, status,2, status,0
 Tracked objects:
		On entry : 
		On exit  : 
		Unchanged: 
 Data sizes:     COMRAM   BANK0   BANK1   BANK2   BANK3   BANK4   BANK5   BANK6   BANK7   BANK8   BANK9  BANK10  BANK11  BANK12  BANK13  BANK14  BANK15
      Params:         8       0       0       0       0       0       0       0       0       0       0       0       0       0       0       0       0
      Locals:         1       0       0       0       0       0       0       0       0       0       0       0       0       0       0       0       0
      Temps:          0       0       0       0       0       0       0       0       0       0       0       0       0       0       0       0       0
      Totals:         9       0       0       0       0       0       0       0       0       0       0       0       0       0       0       0       0
Total ram usage:        9 bytes
 Hardware stack levels used:    1
 Hardware stack levels required when called:    3
 This function calls:
		Nothing
 This function is called by:
		_sprintf
 This function uses a non-reentrant model


 *************** function ___lldiv *****************
 Defined at:
		line 8 in file "C:\Program Files (x86)\Microchip\xc8\v1.45\sources\common\lldiv.c"
 Parameters:    Size  Location     Type
  dividend        4   20[COMRAM] unsigned long 
  divisor         4   24[COMRAM] unsigned long 
 Auto vars:     Size  Location     Type
  quotient        4   28[COMRAM] unsigned long 
  counter         1   32[COMRAM] unsigned char 
 Return value:  Size  Location     Type
                  4   20[COMRAM] unsigned long 
 Registers used:
		wreg, status,2, status,0
 Tracked objects:
		On entry : 
		On exit  : 
		Unchanged: 
 Data sizes:     COMRAM   BANK0   BANK1   BANK2   BANK3   BANK4   BANK5   BANK6   BANK7   BANK8   BANK9  BANK10  BANK11  BANK12  BANK13  BANK14  BANK15
      Params:         8       0       0       0       0       0       0       0       0       0       0       0       0       0       0       0       0
      Locals:         5       0       0       0       0       0       0       0       0       0       0       0       0       0       0       0       0
      Temps:          0       0       0       0       0       0       0       0       0       0       0       0       0       0       0       0       0
      Totals:        13       0       0       0       0       0       0       0       0       0       0       0       0       0       0       0       0
Total ram usage:       13 bytes
 Hardware stack levels used:    1
 Hardware stack levels required when called:    3
 This function calls:
		Nothing
 This function is called by:
		_sprintf
 This function uses a non-reentrant model


 *************** function ___fltol *****************
 Defined at:
		line 43 in file "C:\Program Files (x86)\Microchip\xc8\v1.45\sources\common\fltol.c"
 Parameters:    Size  Location     Type
  f1              4   68[COMRAM] unsigned long 
 Auto vars:     Size  Location     Type
  exp1            1   77[COMRAM] unsigned char 
  sign1           1   76[COMRAM] unsigned char 
 Return value:  Size  Location     Type
                  4   68[COMRAM] long 
 Registers used:
		wreg, status,2, status,0
 Tracked objects:
		On entry : 
		On exit  : 
		Unchanged: 
 Data sizes:     COMRAM   BANK0   BANK1   BANK2   BANK3   BANK4   BANK5   BANK6   BANK7   BANK8   BANK9  BANK10  BANK11  BANK12  BANK13  BANK14  BANK15
      Params:         4       0       0       0       0       0       0       0       0       0       0       0       0       0       0       0       0
      Locals:         2       0       0       0       0       0       0       0       0       0       0       0       0       0       0       0       0
      Temps:          4       0       0       0       0       0       0       0       0       0       0       0       0       0       0       0       0
      Totals:        10       0       0       0       0       0       0       0       0       0       0       0       0       0       0       0       0
Total ram usage:       10 bytes
 Hardware stack levels used:    1
 Hardware stack levels required when called:    3
 This function calls:
		Nothing
 This function is called by:
		_sprintf
 This function uses a non-reentrant model


 *************** function ___flsub *****************
 Defined at:
		line 245 in file "C:\Program Files (x86)\Microchip\xc8\v1.45\sources\common\sprcadd.c"
 Parameters:    Size  Location     Type
  b               4   92[COMRAM] long 
  a               4   96[COMRAM] long 
 Auto vars:     Size  Location     Type
		None
 Return value:  Size  Location     Type
                  4   92[COMRAM] long 
 Registers used:
		wreg, status,2, status,0, cstack
 Tracked objects:
		On entry : 
		On exit  : 
		Unchanged: 
 Data sizes:     COMRAM   BANK0   BANK1   BANK2   BANK3   BANK4   BANK5   BANK6   BANK7   BANK8   BANK9  BANK10  BANK11  BANK12  BANK13  BANK14  BANK15
      Params:         8       0       0       0       0       0       0       0       0       0       0       0       0       0       0       0       0
      Locals:         0       0       0       0       0       0       0       0       0       0       0       0       0       0       0       0       0
      Temps:          0       0       0       0       0       0       0       0       0       0       0       0       0       0       0       0       0
      Totals:         8       0       0       0       0       0       0       0       0       0       0       0       0       0       0       0       0
Total ram usage:        8 bytes
 Hardware stack levels used:    1
 Hardware stack levels required when called:    4
 This function calls:
		___fladd
 This function is called by:
		_sprintf
 This function uses a non-reentrant model


 *************** function ___fladd *****************
 Defined at:
		line 10 in file "C:\Program Files (x86)\Microchip\xc8\v1.45\sources\common\sprcadd.c"
 Parameters:    Size  Location     Type
  b               4   72[COMRAM] long 
  a               4   76[COMRAM] long 
 Auto vars:     Size  Location     Type
  grs             1   91[COMRAM] unsigned char 
  bexp            1   90[COMRAM] unsigned char 
  aexp            1   89[COMRAM] unsigned char 
  signs           1   88[COMRAM] unsigned char 
 Return value:  Size  Location     Type
                  4   72[COMRAM] unsigned char 
 Registers used:
		wreg, status,2, status,0
 Tracked objects:
		On entry : 
		On exit  : 
		Unchanged: 
 Data sizes:     COMRAM   BANK0   BANK1   BANK2   BANK3   BANK4   BANK5   BANK6   BANK7   BANK8   BANK9  BANK10  BANK11  BANK12  BANK13  BANK14  BANK15
      Params:         8       0       0       0       0       0       0       0       0       0       0       0       0       0       0       0       0
      Locals:         4       0       0       0       0       0       0       0       0       0       0       0       0       0       0       0       0
      Temps:          8       0       0       0       0       0       0       0       0       0       0       0       0       0       0       0       0
      Totals:        20       0       0       0       0       0       0       0       0       0       0       0       0       0       0       0       0
Total ram usage:       20 bytes
 Hardware stack levels used:    1
 Hardware stack levels required when called:    3
 This function calls:
		Nothing
 This function is called by:
		_sprintf
		___flsub
 This function uses a non-reentrant model


 *************** function ___flneg *****************
 Defined at:
		line 15 in file "C:\Program Files (x86)\Microchip\xc8\v1.45\sources\common\flneg.c"
 Parameters:    Size  Location     Type
  f1              4   20[COMRAM] unsigned char 
 Auto vars:     Size  Location     Type
		None
 Return value:  Size  Location     Type
                  4   20[COMRAM] unsigned char 
 Registers used:
		wreg, status,2, status,0
 Tracked objects:
		On entry : 
		On exit  : 
		Unchanged: 
 Data sizes:     COMRAM   BANK0   BANK1   BANK2   BANK3   BANK4   BANK5   BANK6   BANK7   BANK8   BANK9  BANK10  BANK11  BANK12  BANK13  BANK14  BANK15
      Params:         4       0       0       0       0       0       0       0       0       0       0       0       0       0       0       0       0
      Locals:         0       0       0       0       0       0       0       0       0       0       0       0       0       0       0       0       0
      Temps:          0       0       0       0       0       0       0       0       0       0       0       0       0       0       0       0       0
      Totals:         4       0       0       0       0       0       0       0       0       0       0       0       0       0       0       0       0
Total ram usage:        4 bytes
 Hardware stack levels used:    1
 Hardware stack levels required when called:    3
 This function calls:
		Nothing
 This function is called by:
		_sprintf
 This function uses a non-reentrant model


 *************** function ___flge *****************
 Defined at:
		line 4 in file "C:\Program Files (x86)\Microchip\xc8\v1.45\sources\common\flge.c"
 Parameters:    Size  Location     Type
  ff1             4   20[COMRAM] unsigned char 
  ff2             4   24[COMRAM] unsigned char 
 Auto vars:     Size  Location     Type
		None
 Return value:  Size  Location     Type
		None               void
 Registers used:
		wreg, status,2, status,0
 Tracked objects:
		On entry : 
		On exit  : 
		Unchanged: 
 Data sizes:     COMRAM   BANK0   BANK1   BANK2   BANK3   BANK4   BANK5   BANK6   BANK7   BANK8   BANK9  BANK10  BANK11  BANK12  BANK13  BANK14  BANK15
      Params:         8       0       0       0       0       0       0       0       0       0       0       0       0       0       0       0       0
      Locals:         0       0       0       0       0       0       0       0       0       0       0       0       0       0       0       0       0
      Temps:          4       0       0       0       0       0       0       0       0       0       0       0       0       0       0       0       0
      Totals:        12       0       0       0       0       0       0       0       0       0       0       0       0       0       0       0       0
Total ram usage:       12 bytes
 Hardware stack levels used:    1
 Hardware stack levels required when called:    3
 This function calls:
		Nothing
 This function is called by:
		_sprintf
[...]
      Params:         5       0       0       0       0       0       0       0       0       0       0       0       0       0       0       0       0
      Locals:         8       0       0       0       0       0       0       0       0       0       0       0       0       0       0       0       0
      Temps:          1       0       0       0       0       0       0       0       0       0       0       0       0       0       0       0       0
      Totals:        14       0       0       0       0       0       0       0       0       0       0       0       0       0       0       0       0
Total ram usage:       14 bytes
 Hardware stack levels used:    1
 Hardware stack levels required when called:    3
 This function calls:
		Nothing
 This function is called by:
		_main
 This function uses a non-reentrant model


 *************** function _init_adc_no_lib *****************
 Defined at:
		line 196 in file "Main.c"
 Parameters:    Size  Location     Type
		None
 Auto vars:     Size  Location     Type
		None
 Return value:  Size  Location     Type
                  1    wreg      void 
 Registers used:
		wreg, status,2
 Tracked objects:
		On entry : 
		On exit  : 
		Unchanged: 
 Data sizes:     COMRAM   BANK0   BANK1   BANK2   BANK3   BANK4   BANK5   BANK6   BANK7   BANK8   BANK9  BANK10  BANK11  BANK12  BANK13  BANK14  BANK15
      Params:         0       0       0       0       0       0       0       0       0       0       0       0       0       0       0       0       0
      Locals:         0       0       0       0       0       0       0       0       0       0       0       0       0       0       0       0       0
      Temps:          0       0       0       0       0       0       0       0       0       0       0       0       0       0       0       0       0
      Totals:         0       0       0       0       0       0       0       0       0       0       0       0       0       0       0       0       0
Total ram usage:        0 bytes
 Hardware stack levels used:    1
 Hardware stack levels required when called:    3
 This function calls:
		Nothing
 This function is called by:
		_main
 This function uses a non-reentrant model


 *************** function _init *****************
 Defined at:
		line 308 in file "Main.c"
 Parameters:    Size  Location     Type
		None
 Auto vars:     Size  Location     Type
  dummy           1   20[COMRAM] unsigned char 
 Return value:  Size  Location     Type
                  1    wreg      void 
 Registers used:
		wreg, status,2, cstack
 Tracked objects:
		On entry : 
		On exit  : 
		Unchanged: 
 Data sizes:     COMRAM   BANK0   BANK1   BANK2   BANK3   BANK4   BANK5   BANK6   BANK7   BANK8   BANK9  BANK10  BANK11  BANK12  BANK13  BANK14  BANK15
      Params:         0       0       0       0       0       0       0       0       0       0       0       0       0       0       0       0       0
      Locals:         1       0       0       0       0       0       0       0       0       0       0       0       0       0       0       0       0
      Temps:          0       0       0       0       0       0       0       0       0       0       0       0       0       0       0       0       0
      Totals:         1       0       0       0       0       0       0       0       0       0       0       0       0       0       0       0       0
Total ram usage:        1 bytes
 Hardware stack levels used:    1
 Hardware stack levels required when called:    4
 This function calls:
		_restartTimer0
 This function is called by:
		_main
 This function uses a non-reentrant model


 *************** function _restartTimer0 *****************
 Defined at:
		line 108 in file "Main.c"
 Parameters:    Size  Location     Type
		None
 Auto vars:     Size  Location     Type
		None
 Return value:  Size  Location     Type
                  1    wreg      void 
 Registers used:
		wreg, status,2
 Tracked objects:
		On entry : 
		On exit  : 
		Unchanged: 
 Data sizes:     COMRAM   BANK0   BANK1   BANK2   BANK3   BANK4   BANK5   BANK6   BANK7   BANK8   BANK9  BANK10  BANK11  BANK12  BANK13  BANK14  BANK15
      Params:         0       0       0       0       0       0       0       0       0       0       0       0       0       0       0       0       0
      Locals:         0       0       0       0       0       0       0       0       0       0       0       0       0       0       0       0       0
      Temps:          0       0       0       0       0       0       0       0       0       0       0       0       0       0       0       0       0
      Totals:         0       0       0       0       0       0       0       0       0       0       0       0       0       0       0       0       0
Total ram usage:        0 bytes
 Hardware stack levels used:    1
 Hardware stack levels required when called:    3
 This function calls:
		Nothing
 This function is called by:
		_init
 This function uses a non-reentrant model


 *************** function _incrementClock *****************
 Defined at:
		line 138 in file "Main.c"
 Parameters:    Size  Location     Type
		None
 Auto vars:     Size  Location     Type
		None
 Return value:  Size  Location     Type
                  1    wreg      void 
 Registers used:
		wreg, status,2, status,0
 Tracked objects:
		On entry : 
		On exit  : 
		Unchanged: 
 Data sizes:     COMRAM   BANK0   BANK1   BANK2   BANK3   BANK4   BANK5   BANK6   BANK7   BANK8   BANK9  BANK10  BANK11  BANK12  BANK13  BANK14  BANK15
      Params:         0       0       0       0       0       0       0       0       0       0       0       0       0       0       0       0       0
      Locals:         0       0       0       0       0       0       0       0       0       0       0       0       0       0       0       0       0
      Temps:          0       0       0       0       0       0       0       0       0       0       0       0       0       0       0       0       0
      Totals:         0       0       0       0       0       0       0       0       0       0       0       0       0       0       0       0       0
Total ram usage:        0 bytes
 Hardware stack levels used:    1
 Hardware stack levels required when called:    3
 This function calls:
		Nothing
 This function is called by:
		_main
 This function uses a non-reentrant model


 *************** function _decrementClock *****************
 Defined at:
		line 146 in file "Main.c"
 Parameters:    Size  Location     Type
		None
 Auto vars:     Size  Location     Type
		None
 Return value:  Size  Location     Type
                  1    wreg      void 
 Registers used:
		wreg, status,2, status,0
 Tracked objects:
		On entry : 
		On exit  : 
		Unchanged: 
 Data sizes:     COMRAM   BANK0   BANK1   BANK2   BANK3   BANK4   BANK5   BANK6   BANK7   BANK8   BANK9  BANK10  BANK11  BANK12  BANK13  BANK14  BANK15
      Params:         0       0       0       0       0       0       0       0       0       0       0       0       0       0       0       0       0
      Locals:         0       0       0       0       0       0       0       0       0       0       0       0       0       0       0       0       0
      Temps:          0       0       0       0       0       0       0       0       0       0       0       0       0       0       0       0       0
      Totals:         0       0       0       0       0       0       0       0       0       0       0       0       0       0       0       0       0
Total ram usage:        0 bytes
 Hardware stack levels used:    1
 Hardware stack levels required when called:    3
 This function calls:
		Nothing
 This function is called by:
		_main
 This function uses a non-reentrant model


 *************** function _highIsr *****************
 Defined at:
		line 296 in file "Main.c"
 Parameters:    Size  Location     Type
		None
 Auto vars:     Size  Location     Type
		None
 Return value:  Size  Location     Type
                  1    wreg      void 
 Registers used:
		wreg, status,2, status,0, cstack
 Tracked objects:
		On entry : 
		On exit  : 
		Unchanged: 
 Data sizes:     COMRAM   BANK0   BANK1   BANK2   BANK3   BANK4   BANK5   BANK6   BANK7   BANK8   BANK9  BANK10  BANK11  BANK12  BANK13  BANK14  BANK15
      Params:         0       0       0       0       0       0       0       0       0       0       0       0       0       0       0       0       0
      Locals:         0       0       0       0       0       0       0       0       0       0       0       0       0       0       0       0       0
      Temps:         18       0       0       0       0       0       0       0       0       0       0       0       0       0       0       0       0
      Totals:        18       0       0       0       0       0       0       0       0       0       0       0       0       0       0       0       0
Total ram usage:       18 bytes
 Hardware stack levels used:    1
 Hardware stack levels required when called:    2
 This function calls:
		_changeClockMode
		_changeSetupMode
		_clockNormalMode
 This function is called by:
		Interrupt level 2
 This function uses a non-reentrant model


 *************** function _clockNormalMode *****************
 Defined at:
		line 113 in file "Main.c"
 Parameters:    Size  Location     Type
		None
 Auto vars:     Size  Location     Type
		None
 Return value:  Size  Location     Type
                  1    wreg      void 
 Registers used:
		wreg, status,2, status,0, cstack
 Tracked objects:
		On entry : 
		On exit  : 
		Unchanged: 
 Data sizes:     COMRAM   BANK0   BANK1   BANK2   BANK3   BANK4   BANK5   BANK6   BANK7   BANK8   BANK9  BANK10  BANK11  BANK12  BANK13  BANK14  BANK15
      Params:         0       0       0       0       0       0       0       0       0       0       0       0       0       0       0       0       0
      Locals:         0       0       0       0       0       0       0       0       0       0       0       0       0       0       0       0       0
      Temps:          0       0       0       0       0       0       0       0       0       0       0       0       0       0       0       0       0
      Totals:         0       0       0       0       0       0       0       0       0       0       0       0       0       0       0       0       0
Total ram usage:        0 bytes
 Hardware stack levels used:    1
 Hardware stack levels required when called:    1
 This function calls:
		i2_restartTimer0
 This function is called by:
		_highIsr
 This function uses a non-reentrant model


 *************** function i2_restartTimer0 *****************
 Defined at:
		line 108 in file "Main.c"
 Parameters:    Size  Location     Type
		None
 Auto vars:     Size  Location     Type
		None
 Return value:  Size  Location     Type
                  1    wreg      void 
 Registers used:
		wreg, status,2
 Tracked objects:
		On entry : 
		On exit  : 
		Unchanged: 
 Data sizes:     COMRAM   BANK0   BANK1   BANK2   BANK3   BANK4   BANK5   BANK6   BANK7   BANK8   BANK9  BANK10  BANK11  BANK12  BANK13  BANK14  BANK15
      Params:         0       0       0       0       0       0       0       0       0       0       0       0       0       0       0       0       0
      Locals:         0       0       0       0       0       0       0       0       0       0       0       0       0       0       0       0       0
      Temps:          0       0       0       0       0       0       0       0       0       0       0       0       0       0       0       0       0
      Totals:         0       0       0       0       0       0       0       0       0       0       0       0       0       0       0       0       0
Total ram usage:        0 bytes
 Hardware stack levels used:    1
 This function calls:
		Nothing
 This function is called by:
		_clockNormalMode
 This function uses a non-reentrant model


 *************** function _changeSetupMode *****************
 Defined at:
		line 131 in file "Main.c"
 Parameters:    Size  Location     Type
		None
 Auto vars:     Size  Location     Type
		None
 Return value:  Size  Location     Type
                  1    wreg      void 
 Registers used:
		wreg, status,2, status,0
 Tracked objects:
		On entry : 
		On exit  : 
		Unchanged: 
 Data sizes:     COMRAM   BANK0   BANK1   BANK2   BANK3   BANK4   BANK5   BANK6   BANK7   BANK8   BANK9  BANK10  BANK11  BANK12  BANK13  BANK14  BANK15
      Params:         0       0       0       0       0       0       0       0       0       0       0       0       0       0       0       0       0
      Locals:         0       0       0       0       0       0       0       0       0       0       0       0       0       0       0       0       0
      Temps:          0       0       0       0       0       0       0       0       0       0       0       0       0       0       0       0       0
      Totals:         0       0       0       0       0       0       0       0       0       0       0       0       0       0       0       0       0
Total ram usage:        0 bytes
 Hardware stack levels used:    1
 This function calls:
		Nothing
 This function is called by:
		_highIsr
 This function uses a non-reentrant model


 *************** function _changeClockMode *****************
 Defined at:
		line 125 in file "Main.c"
 Parameters:    Size  Location     Type
		None
 Auto vars:     Size  Location     Type
		None
 Return value:  Size  Location     Type
                  1    wreg      void 
 Registers used:
		wreg, status,2, status,0
 Tracked objects:
		On entry : 
		On exit  : 
		Unchanged: 
 Data sizes:     COMRAM   BANK0   BANK1   BANK2   BANK3   BANK4   BANK5   BANK6   BANK7   BANK8   BANK9  BANK10  BANK11  BANK12  BANK13  BANK14  BANK15
      Params:         0       0       0       0       0       0       0       0       0       0       0       0       0       0       0       0       0
      Locals:         0       0       0       0       0       0       0       0       0       0       0       0       0       0       0       0       0
      Temps:          2       0       0       0       0       0       0       0       0       0       0       0       0       0       0       0       0
      Totals:         2       0       0       0       0       0       0       0       0       0       0       0       0       0       0       0       0
Total ram usage:        2 bytes
 Hardware stack levels used:    1
 This function calls:
		Nothing
 This function is called by:
		_highIsr
 This function uses a non-reentrant model



MODULE INFORMATION

Module		Function		Class		Link	Load	Size
C:\Program Files (x86)\Microchip\xc8\v1.45\sources\common\sprcdiv.c
		___fldiv       		CODE           	1C0A	0000	693

C:\Program Files (x86)\Microchip\xc8\v1.45\sources\common\sprcdiv.c estimated size: 693

C:\Program Files (x86)\Microchip\xc8\v1.45\sources\common\flge.c
		___flge        		CODE           	2640	0000	289

C:\Program Files (x86)\Microchip\xc8\v1.45\sources\common\flge.c estimated size: 289

C:\Program Files (x86)\Microchip\xc8\v1.45\sources\common\doprnt.c
		_scale         		CODE           	10FE	0000	1153
		_sprintf       		CODE           	0012	0000	3097
		_fround        		CODE           	1EBE	0000	687

C:\Program Files (x86)\Microchip\xc8\v1.45\sources\common\doprnt.c estimated size: 4937

C:\Program Files (x86)\Microchip\xc8\v1.45\sources\common\Umul16.c
		___wmul        		CODE           	302C	0000	39

C:\Program Files (x86)\Microchip\xc8\v1.45\sources\common\Umul16.c estimated size: 39

C:\Program Files (x86)\Microchip\xc8\v1.45\sources\common\isdigit.c
		_isdigit       		CODE           	30E2	0000	31

C:\Program Files (x86)\Microchip\xc8\v1.45\sources\common\isdigit.c estimated size: 31

C:\Program Files (x86)\Microchip\xc8\v1.45\sources\common\sprcadd.c
		___flsub       		CODE           	2E7C	0000	71
		___fladd       		CODE           	18CE	0000	829

C:\Program Files (x86)\Microchip\xc8\v1.45\sources\common\sprcadd.c estimated size: 900

C:\Program Files (x86)\Microchip\xc8\v1.45\sources\common\ftdivl.c
		__tdiv_to_l_   		CODE           	22BC	0000	307

C:\Program Files (x86)\Microchip\xc8\v1.45\sources\common\ftdivl.c estimated size: 307

C:\Program Files (x86)\Microchip\xc8\v1.45\sources\common\awmod.c
		___awmod       		CODE           	2C54	0000	113

C:\Program Files (x86)\Microchip\xc8\v1.45\sources\common\awmod.c estimated size: 113

C:\Program Files (x86)\Microchip\xc8\v1.45\sources\common\llmod.c
		___llmod       		CODE           	2CC4	0000	103

C:\Program Files (x86)\Microchip\xc8\v1.45\sources\common\llmod.c estimated size: 103

C:\Program Files (x86)\Microchip\xc8\v1.45\sources\common\fldivl.c
		__div_to_l_    		CODE           	2518	0000	297

C:\Program Files (x86)\Microchip\xc8\v1.45\sources\common\fldivl.c estimated size: 297

C:\Program Files (x86)\Microchip\xc8\v1.45\sources\common\fltol.c
		___fltol       		CODE           	2846	0000	221

C:\Program Files (x86)\Microchip\xc8\v1.45\sources\common\fltol.c estimated size: 221

Main.c
		_decrementClock		CODE           	2B5E	0000	125
		_init          		CODE           	2922	0000	181
		_changeClockMode		CODE           	3002	0000	43
		_init_adc_no_lib		CODE           	3128	0000	13
		_changeSetupMode		CODE           	2F74	0000	51
		_lcd_putc      		CODE           	2D8C	0000	87
		_lcd_puts      		CODE           	309C	0000	37
		_lcd_send_byte 		CODE           	2E34	0000	73
		_send_byte_no_lib		CODE           	3118	0000	17
		_restartTimer0 		CODE           	3134	0000	11
		_isValidChar   		CODE           	23EE	0000	299
		_incrementClock		CODE           	2BDA	0000	123
		_main          		CODE           	0C2A	0000	1237
		_highIsr       		CODE           	0008	0000	237
		_read_adc_raw_no_lib		CODE           	2F04	0000	59
		_lcd_gotoxy    		CODE           	2EC2	0000	67
		_lcd_send_nibble		CODE           	30C0	0000	35
		_is_byte_available		CODE           	3100	0000	25
		_read_byte_no_lib		CODE           	3148	0000	9
		_delay_ms      		CODE           	3052	0000	39
		_read_adc_voltage		CODE           	2ADC	0000	131
		_send_string_no_lib		CODE           	3078	0000	37
		_clockNormalMode		CODE           	2DE2	0000	83
		_lcd_init      		CODE           	2D2A	0000	99
		_delay_cycles  		CODE           	2FD4	0000	47

Main.c estimated size: 3165

shared
		i2_restartTimer0		CODE           	313E	0000	11
		__powers_      		MEDIUMCONST    	FDD9	0000	53
		_dpowers       		MEDIUMCONST    	FE41	0000	41
		__npowers_     		MEDIUMCONST    	FE0D	0000	53
		__initialization		CODE           	2F3E	0000	45

shared estimated size: 203

C:\Program Files (x86)\Microchip\xc8\v1.45\sources\common\awdiv.c
		___awdiv       		CODE           	29D6	0000	133

C:\Program Files (x86)\Microchip\xc8\v1.45\sources\common\awdiv.c estimated size: 133

C:\Program Files (x86)\Microchip\xc8\v1.45\sources\common\lldiv.c
		___lldiv       		CODE           	2A5A	0000	131

C:\Program Files (x86)\Microchip\xc8\v1.45\sources\common\lldiv.c estimated size: 131

C:\Program Files (x86)\Microchip\xc8\v1.45\sources\common\xxtofl.c
		___xxtofl      		CODE           	216C	0000	337

C:\Program Files (x86)\Microchip\xc8\v1.45\sources\common\xxtofl.c estimated size: 337

C:\Program Files (x86)\Microchip\xc8\v1.45\sources\common\flneg.c
		___flneg       		CODE           	2FA6	0000	47

C:\Program Files (x86)\Microchip\xc8\v1.45\sources\common\flneg.c estimated size: 47

C:\Program Files (x86)\Microchip\xc8\v1.45\sources\common\sprcmul.c
		___flmul       		CODE           	157E	0000	849

C:\Program Files (x86)\Microchip\xc8\v1.45\sources\common\sprcmul.c estimated size: 849

